Component: ARM Compiler 5.06 update 6 (build 750) Tool: armlink [4d35ed]

==============================================================================

Section Cross References

    stm32f10x_it.o(.text) refers to usart.o(.text) for UsartPrintf
    system_stm32f10x.o(.text) refers to system_stm32f10x.o(.data) for SystemCoreClock
    startup_stm32f10x_md.o(STACK) refers (Special) to heapauxi.o(.text) for __use_two_region_memory
    startup_stm32f10x_md.o(HEAP) refers (Special) to heapauxi.o(.text) for __use_two_region_memory
    startup_stm32f10x_md.o(RESET) refers (Special) to heapauxi.o(.text) for __use_two_region_memory
    startup_stm32f10x_md.o(RESET) refers to startup_stm32f10x_md.o(STACK) for __initial_sp
    startup_stm32f10x_md.o(RESET) refers to startup_stm32f10x_md.o(.text) for Reset_Handler
    startup_stm32f10x_md.o(RESET) refers to stm32f10x_it.o(.text) for NMI_Handler
    startup_stm32f10x_md.o(RESET) refers to usart.o(.text) for USART1_IRQHandler
    startup_stm32f10x_md.o(.text) refers (Special) to heapauxi.o(.text) for __use_two_region_memory
    startup_stm32f10x_md.o(.text) refers to system_stm32f10x.o(.text) for SystemInit
    startup_stm32f10x_md.o(.text) refers to __main.o(!!!main) for __main
    startup_stm32f10x_md.o(.text) refers to startup_stm32f10x_md.o(HEAP) for Heap_Mem
    startup_stm32f10x_md.o(.text) refers to startup_stm32f10x_md.o(STACK) for Stack_Mem
    stm32f10x_gpio.o(.text) refers to stm32f10x_rcc.o(.text) for RCC_APB2PeriphResetCmd
    stm32f10x_rcc.o(.text) refers to stm32f10x_rcc.o(.data) for APBAHBPrescTable
    stm32f10x_usart.o(.text) refers to stm32f10x_rcc.o(.text) for RCC_APB2PeriphResetCmd
    stm32f10x_tim.o(.text) refers to stm32f10x_rcc.o(.text) for RCC_APB2PeriphResetCmd
    stm32f10x_i2c.o(.text) refers to stm32f10x_rcc.o(.text) for RCC_APB1PeriphResetCmd
    stm32f10x_adc.o(.text) refers to stm32f10x_rcc.o(.text) for RCC_APB2PeriphResetCmd
    delay.o(.text) refers to delay.o(.data) for UsCount
    led.o(.text) refers to stm32f10x_gpio.o(.text) for GPIO_WriteBit
    led.o(.text) refers to stm32f10x_rcc.o(.text) for RCC_APB2PeriphClockCmd
    led.o(.text) refers to delay.o(.text) for DelayXms
    led.o(.text) refers to led.o(.data) for led_status
    timer.o(.text) refers to stm32f10x_rcc.o(.text) for RCC_APB2PeriphClockCmd
    timer.o(.text) refers to stm32f10x_gpio.o(.text) for GPIO_Init
    timer.o(.text) refers to stm32f10x_tim.o(.text) for TIM_TimeBaseInit
    hsr04.o(.text) refers to stm32f10x_rcc.o(.text) for RCC_APB1PeriphClockCmd
    hsr04.o(.text) refers to stm32f10x_gpio.o(.text) for GPIO_Init
    hsr04.o(.text) refers to stm32f10x_tim.o(.text) for TIM_TimeBaseInit
    hsr04.o(.text) refers to delay.o(.text) for DelayUs
    hsr04.o(.text) refers to fflt_clz.o(x$fpl$ffltu) for __aeabi_ui2f
    hsr04.o(.text) refers to fdiv.o(x$fpl$fdiv) for __aeabi_fdiv
    gpio.o(.text) refers to stm32f10x_rcc.o(.text) for RCC_APB2PeriphClockCmd
    dht11.o(.text) refers to delay.o(.text) for DelayMs
    dht11.o(.text) refers to stm32f10x_rcc.o(.text) for RCC_APB2PeriphClockCmd
    dht11.o(.text) refers to stm32f10x_gpio.o(.text) for GPIO_Init
    adc.o(.text) refers to stm32f10x_rcc.o(.text) for RCC_APB2PeriphClockCmd
    adc.o(.text) refers to stm32f10x_adc.o(.text) for ADC_TempSensorVrefintCmd
    adc.o(.text) refers to stm32f10x_gpio.o(.text) for GPIO_Init
    adc.o(.text) refers to delay.o(.text) for DelayMs
    mpu6050.o(.text) refers to stm32f10x_gpio.o(.text) for GPIO_Init
    mpu6050.o(.text) refers to delay.o(.text) for DelayMs
    mpu6050.o(.text) refers to dflt_clz.o(x$fpl$dflt) for __aeabi_i2d
    mpu6050.o(.text) refers to dmul.o(x$fpl$dmul) for __aeabi_dmul
    mpu6050.o(.text) refers to ddiv.o(x$fpl$ddiv) for __aeabi_ddiv
    mpu6050.o(.text) refers to dfix.o(x$fpl$dfix) for __aeabi_d2iz
    mpu6050.o(.text) refers to mpu6050.o(.data) for test
    mpu6050.o(.text) refers to daddsub_clz.o(x$fpl$dsub) for __aeabi_dsub
    mpu6050.o(.text) refers to main.o(.data) for A_X
    usart.o(.text) refers to stm32f10x_rcc.o(.text) for RCC_APB2PeriphClockCmd
    usart.o(.text) refers to stm32f10x_gpio.o(.text) for GPIO_Init
    usart.o(.text) refers to stm32f10x_usart.o(.text) for USART_Init
    usart.o(.text) refers to misc.o(.text) for NVIC_Init
    usart.o(.text) refers to c89vsnprintf.o(.text) for __c89vsnprintf
    usart.o(.text) refers to rt_memclr.o(.text) for __aeabi_memclr
    usart.o(.text) refers to delay.o(.text) for DelayMs
    usart.o(.text) refers to main.o(.data) for Usart3Len
    usart.o(.text) refers to main.o(.bss) for Usart3Buf
    usart.o(.text) refers to usart.o(.bss) for SIM7020_RX_BUF
    usart.o(.text) refers to usart.o(.data) for SIM7020_RxCounter
    main.o(.text) refers to system_stm32f10x.o(.text) for SystemInit
    main.o(.text) refers to misc.o(.text) for NVIC_PriorityGroupConfig
    main.o(.text) refers to delay.o(.text) for Delay_Init
    main.o(.text) refers to usart.o(.text) for Usart1_Init
[...]
    __ARM_use_no_argv                        0x00000000   Number         0  main.o ABSOLUTE
    _printf_flags                            0x00000000   Number         0  printf_stubs.o ABSOLUTE
    _printf_return_value                     0x00000000   Number         0  printf_stubs.o ABSOLUTE
    _printf_sizespec                         0x00000000   Number         0  printf_stubs.o ABSOLUTE
    _printf_widthprec                        0x00000000   Number         0  printf_stubs.o ABSOLUTE
    __ARM_exceptions_init                     - Undefined Weak Reference
    __alloca_initialize                       - Undefined Weak Reference
    __arm_preinit_                            - Undefined Weak Reference
    __cpp_initialize__aeabi_                  - Undefined Weak Reference
    __cxa_finalize                            - Undefined Weak Reference
    __sigvec_lookup                           - Undefined Weak Reference
    _atexit_init                              - Undefined Weak Reference
    _call_atexit_fns                          - Undefined Weak Reference
    _clock_init                               - Undefined Weak Reference
    _fp_trap_init                             - Undefined Weak Reference
    _fp_trap_shutdown                         - Undefined Weak Reference
    _get_lc_collate                           - Undefined Weak Reference
    _get_lc_monetary                          - Undefined Weak Reference
    _get_lc_time                              - Undefined Weak Reference
    _getenv_init                              - Undefined Weak Reference
    _handle_redirection                       - Undefined Weak Reference
    _init_alloc                               - Undefined Weak Reference
    _init_user_alloc                          - Undefined Weak Reference
    _initio                                   - Undefined Weak Reference
    _printf_fp_hex                            - Undefined Weak Reference
    _printf_mbtowc                            - Undefined Weak Reference
    _printf_wc                                - Undefined Weak Reference
    _rand_init                                - Undefined Weak Reference
    _scanf_int                                - Undefined Weak Reference
    _scanf_longlong                           - Undefined Weak Reference
    _scanf_mbtowc                             - Undefined Weak Reference
    _scanf_real                               - Undefined Weak Reference
    _scanf_wctomb                             - Undefined Weak Reference
    _scanf_wstring                            - Undefined Weak Reference
    _signal_finish                            - Undefined Weak Reference
    _signal_init                              - Undefined Weak Reference
    _terminate_alloc                          - Undefined Weak Reference
    _terminate_user_alloc                     - Undefined Weak Reference
    _terminateio                              - Undefined Weak Reference
    __Vectors_Size                           0x000000ec   Number         0  startup_stm32f10x_md.o ABSOLUTE
    __Vectors                                0x08000000   Data           4  startup_stm32f10x_md.o(RESET)
    __Vectors_End                            0x080000ec   Data           0  startup_stm32f10x_md.o(RESET)
    __main                                   0x080000ed   Thumb Code     8  __main.o(!!!main)
    __scatterload                            0x080000f5   Thumb Code     0  __scatter.o(!!!scatter)
    __scatterload_rt2                        0x080000f5   Thumb Code    44  __scatter.o(!!!scatter)
    __scatterload_rt2_thumb_only             0x080000f5   Thumb Code     0  __scatter.o(!!!scatter)
    __scatterload_null                       0x08000103   Thumb Code     0  __scatter.o(!!!scatter)
    __scatterload_copy                       0x08000129   Thumb Code    26  __scatter_copy.o(!!handler_copy)
    __scatterload_zeroinit                   0x08000145   Thumb Code    28  __scatter_zi.o(!!handler_zi)
    _printf_n                                0x08000161   Thumb Code     0  _printf_n.o(.ARM.Collect$$_printf_percent$$00000001)
    _printf_percent                          0x08000161   Thumb Code     0  _printf_percent.o(.ARM.Collect$$_printf_percent$$00000000)
    _printf_p                                0x08000167   Thumb Code     0  _printf_p.o(.ARM.Collect$$_printf_percent$$00000002)
    _printf_f                                0x0800016d   Thumb Code     0  _printf_f.o(.ARM.Collect$$_printf_percent$$00000003)
    _printf_e                                0x08000173   Thumb Code     0  _printf_e.o(.ARM.Collect$$_printf_percent$$00000004)
    _printf_g                                0x08000179   Thumb Code     0  _printf_g.o(.ARM.Collect$$_printf_percent$$00000005)
    _printf_a                                0x0800017f   Thumb Code     0  _printf_a.o(.ARM.Collect$$_printf_percent$$00000006)
    _printf_ll                               0x08000185   Thumb Code     0  _printf_ll.o(.ARM.Collect$$_printf_percent$$00000007)
    _printf_i                                0x0800018f   Thumb Code     0  _printf_i.o(.ARM.Collect$$_printf_percent$$00000008)
    _printf_d                                0x08000195   Thumb Code     0  _printf_d.o(.ARM.Collect$$_printf_percent$$00000009)
    _printf_u                                0x0800019b   Thumb Code     0  _printf_u.o(.ARM.Collect$$_printf_percent$$0000000A)
    _printf_o                                0x080001a1   Thumb Code     0  _printf_o.o(.ARM.Collect$$_printf_percent$$0000000B)
    _printf_x                                0x080001a7   Thumb Code     0  _printf_x.o(.ARM.Collect$$_printf_percent$$0000000C)
    _printf_lli                              0x080001ad   Thumb Code     0  _printf_lli.o(.ARM.Collect$$_printf_percent$$0000000D)
    _printf_lld                              0x080001b3   Thumb Code     0  _printf_lld.o(.ARM.Collect$$_printf_percent$$0000000E)
    _printf_llu                              0x080001b9   Thumb Code     0  _printf_llu.o(.ARM.Collect$$_printf_percent$$0000000F)
    _printf_llo                              0x080001bf   Thumb Code     0  _printf_llo.o(.ARM.Collect$$_printf_percent$$00000010)
    _printf_llx                              0x080001c5   Thumb Code     0  _printf_llx.o(.ARM.Collect$$_printf_percent$$00000011)
    _printf_l                                0x080001cb   Thumb Code     0  _printf_l.o(.ARM.Collect$$_printf_percent$$00000012)
    _printf_c                                0x080001d5   Thumb Code     0  _printf_c.o(.ARM.Collect$$_printf_percent$$00000013)
    _printf_s                                0x080001db   Thumb Code     0  _printf_s.o(.ARM.Collect$$_printf_percent$$00000014)
    _printf_lc                               0x080001e1   Thumb Code     0  _printf_lc.o(.ARM.Collect$$_printf_percent$$00000015)
    _printf_ls                               0x080001e7   Thumb Code     0  _printf_ls.o(.ARM.Collect$$_printf_percent$$00000016)
    _printf_percent_end                      0x080001ed   Thumb Code     0  _printf_percent_end.o(.ARM.Collect$$_printf_percent$$00000017)
    __rt_lib_init                            0x080001f1   Thumb Code     0  libinit.o(.ARM.Collect$$libinit$$00000000)
    __rt_lib_init_fp_1                       0x080001f3   Thumb Code     0  libinit2.o(.ARM.Collect$$libinit$$00000002)
    __rt_lib_init_heap_1                     0x080001f3   Thumb Code     0  libinit2.o(.ARM.Collect$$libinit$$0000000A)
    __rt_lib_init_lc_common                  0x080001f3   Thumb Code     0  libinit2.o(.ARM.Collect$$libinit$$0000000F)
    __rt_lib_init_preinit_1                  0x080001f3   Thumb Code     0  libinit2.o(.ARM.Collect$$libinit$$00000004)
    __rt_lib_init_rand_1                     0x080001f3   Thumb Code     0  libinit2.o(.ARM.Collect$$libinit$$0000000E)
    __rt_lib_init_user_alloc_1               0x080001f3   Thumb Code     0  libinit2.o(.ARM.Collect$$libinit$$0000000C)
    __rt_lib_init_lc_collate_1               0x080001f9   Thumb Code     0  libinit2.o(.ARM.Collect$$libinit$$00000011)
    __rt_lib_init_lc_ctype_2                 0x080001f9   Thumb Code     0  libinit2.o(.ARM.Collect$$libinit$$00000012)
    __rt_lib_init_lc_ctype_1                 0x08000205   Thumb Code     0  libinit2.o(.ARM.Collect$$libinit$$00000013)
    __rt_lib_init_lc_monetary_1              0x08000205   Thumb Code     0  libinit2.o(.ARM.Collect$$libinit$$00000015)
    __rt_lib_init_lc_numeric_2               0x08000205   Thumb Code     0  libinit2.o(.ARM.Collect$$libinit$$00000016)
    __rt_lib_init_alloca_1                   0x0800020f   Thumb Code     0  libinit2.o(.ARM.Collect$$libinit$$0000002E)
    __rt_lib_init_argv_1                     0x0800020f   Thumb Code     0  libinit2.o(.ARM.Collect$$libinit$$0000002C)
    __rt_lib_init_atexit_1                   0x0800020f   Thumb Code     0  libinit2.o(.ARM.Collect$$libinit$$0000001B)
    __rt_lib_init_clock_1                    0x0800020f   Thumb Code     0  libinit2.o(.ARM.Collect$$libinit$$00000021)
    __rt_lib_init_cpp_1                      0x0800020f   Thumb Code     0  libinit2.o(.ARM.Collect$$libinit$$00000032)
    __rt_lib_init_exceptions_1               0x0800020f   Thumb Code     0  libinit2.o(.ARM.Collect$$libinit$$00000030)
    __rt_lib_init_fp_trap_1                  0x0800020f   Thumb Code     0  libinit2.o(.ARM.Collect$$libinit$$0000001F)
    __rt_lib_init_getenv_1                   0x0800020f   Thumb Code     0  libinit2.o(.ARM.Collect$$libinit$$00000023)
    __rt_lib_init_lc_numeric_1               0x0800020f   Thumb Code     0  libinit2.o(.ARM.Collect$$libinit$$00000017)
    __rt_lib_init_lc_time_1                  0x0800020f   Thumb Code     0  libinit2.o(.ARM.Collect$$libinit$$00000019)
    __rt_lib_init_return                     0x0800020f   Thumb Code     0  libinit2.o(.ARM.Collect$$libinit$$00000033)
    __rt_lib_init_signal_1                   0x0800020f   Thumb Code     0  libinit2.o(.ARM.Collect$$libinit$$0000001D)
    __rt_lib_init_stdio_1                    0x0800020f   Thumb Code     0  libinit2.o(.ARM.Collect$$libinit$$00000025)
    __rt_lib_shutdown                        0x08000211   Thumb Code     0  libshutdown.o(.ARM.Collect$$libshutdown$$00000000)
    __rt_lib_shutdown_cpp_1                  0x08000213   Thumb Code     0  libshutdown2.o(.ARM.Collect$$libshutdown$$00000002)
    __rt_lib_shutdown_fp_trap_1              0x08000213   Thumb Code     0  libshutdown2.o(.ARM.Collect$$libshutdown$$00000007)
    __rt_lib_shutdown_heap_1                 0x08000213   Thumb Code     0  libshutdown2.o(.ARM.Collect$$libshutdown$$0000000F)
    __rt_lib_shutdown_return                 0x08000213   Thumb Code     0  libshutdown2.o(.ARM.Collect$$libshutdown$$00000010)
    __rt_lib_shutdown_signal_1               0x08000213   Thumb Code     0  libshutdown2.o(.ARM.Collect$$libshutdown$$0000000A)
    __rt_lib_shutdown_stdio_1                0x08000213   Thumb Code     0  libshutdown2.o(.ARM.Collect$$libshutdown$$00000004)
    __rt_lib_shutdown_user_alloc_1           0x08000213   Thumb Code     0  libshutdown2.o(.ARM.Collect$$libshutdown$$0000000C)
    __rt_entry                               0x08000215   Thumb Code     0  __rtentry.o(.ARM.Collect$$rtentry$$00000000)
    __rt_entry_presh_1                       0x08000215   Thumb Code     0  __rtentry2.o(.ARM.Collect$$rtentry$$00000002)
    __rt_entry_sh                            0x08000215   Thumb Code     0  __rtentry4.o(.ARM.Collect$$rtentry$$00000004)
    __rt_entry_li                            0x0800021b   Thumb Code     0  __rtentry2.o(.ARM.Collect$$rtentry$$0000000A)
    __rt_entry_postsh_1                      0x0800021b   Thumb Code     0  __rtentry2.o(.ARM.Collect$$rtentry$$00000009)
    __rt_entry_main                          0x0800021f   Thumb Code     0  __rtentry2.o(.ARM.Collect$$rtentry$$0000000D)
    __rt_entry_postli_1                      0x0800021f   Thumb Code     0  __rtentry2.o(.ARM.Collect$$rtentry$$0000000C)
    __rt_exit                                0x08000227   Thumb Code     0  rtexit.o(.ARM.Collect$$rtexit$$00000000)
    __rt_exit_ls                             0x08000229   Thumb Code     0  rtexit2.o(.ARM.Collect$$rtexit$$00000003)
    __rt_exit_prels_1                        0x08000229   Thumb Code     0  rtexit2.o(.ARM.Collect$$rtexit$$00000002)
    __rt_exit_exit                           0x0800022d   Thumb Code     0  rtexit2.o(.ARM.Collect$$rtexit$$00000004)
    NMI_Handler                              0x08000235   Thumb Code     2  stm32f10x_it.o(.text)
    HardFault_Handler                        0x08000237   Thumb Code    12  stm32f10x_it.o(.text)
    MemManage_Handler                        0x08000243   Thumb Code    12  stm32f10x_it.o(.text)
    BusFault_Handler                         0x0800024f   Thumb Code    12  stm32f10x_it.o(.text)
    UsageFault_Handler                       0x0800025b   Thumb Code    12  stm32f10x_it.o(.text)
    SVC_Handler                              0x08000267   Thumb Code     2  stm32f10x_it.o(.text)
    DebugMon_Handler                         0x08000269   Thumb Code     2  stm32f10x_it.o(.text)
    SysTick_Handler                          0x0800026b   Thumb Code     2  stm32f10x_it.o(.text)
    EXTI0_IRQHandler                         0x0800026d   Thumb Code     2  stm32f10x_it.o(.text)
    RTC_IRQHandler                           0x0800026f   Thumb Code     2  stm32f10x_it.o(.text)
    SystemInit                               0x08000447   Thumb Code    78  system_stm32f10x.o(.text)
    SystemCoreClockUpdate                    0x08000495   Thumb Code   142  system_stm32f10x.o(.text)
    Reset_Handler                            0x08000549   Thumb Code     8  startup_stm32f10x_md.o(.text)
    PendSV_Handler                           0x0800055f   Thumb Code     2  startup_stm32f10x_md.o(.text)
    ADC1_2_IRQHandler                        0x08000563   Thumb Code     0  startup_stm32f10x_md.o(.text)
    CAN1_RX1_IRQHandler                      0x08000563   Thumb Code     0  startup_stm32f10x_md.o(.text)
    CAN1_SCE_IRQHandler                      0x08000563   Thumb Code     0  startup_stm32f10x_md.o(.text)
    DMA1_Channel1_IRQHandler                 0x08000563   Thumb Code     0  startup_stm32f10x_md.o(.text)
    DMA1_Channel2_IRQHandler                 0x08000563   Thumb Code     0  startup_stm32f10x_md.o(.text)
    DMA1_Channel3_IRQHandler                 0x08000563   Thumb Code     0  startup_stm32f10x_md.o(.text)
    DMA1_Channel4_IRQHandler                 0x08000563   Thumb Code     0  startup_stm32f10x_md.o(.text)
    DMA1_Channel5_IRQHandler                 0x08000563   Thumb Code     0  startup_stm32f10x_md.o(.text)
    DMA1_Channel6_IRQHandler                 0x08000563   Thumb Code     0  startup_stm32f10x_md.o(.text)
    DMA1_Channel7_IRQHandler                 0x08000563   Thumb Code     0  startup_stm32f10x_md.o(.text)
    EXTI15_10_IRQHandler                     0x08000563   Thumb Code     0  startup_stm32f10x_md.o(.text)
    EXTI1_IRQHandler                         0x08000563   Thumb Code     0  startup_stm32f10x_md.o(.text)
    EXTI2_IRQHandler                         0x08000563   Thumb Code     0  startup_stm32f10x_md.o(.text)
    EXTI3_IRQHandler                         0x08000563   Thumb Code     0  startup_stm32f10x_md.o(.text)
    EXTI4_IRQHandler                         0x08000563   Thumb Code     0  startup_stm32f10x_md.o(.text)
    EXTI9_5_IRQHandler                       0x08000563   Thumb Code     0  startup_stm32f10x_md.o(.text)
    FLASH_IRQHandler                         0x08000563   Thumb Code     0  startup_stm32f10x_md.o(.text)
    I2C1_ER_IRQHandler                       0x08000563   Thumb Code     0  startup_stm32f10x_md.o(.text)
    I2C1_EV_IRQHandler                       0x08000563   Thumb Code     0  startup_stm32f10x_md.o(.text)
    I2C2_ER_IRQHandler                       0x08000563   Thumb Code     0  startup_stm32f10x_md.o(.text)
    I2C2_EV_IRQHandler                       0x08000563   Thumb Code     0  startup_stm32f10x_md.o(.text)
    PVD_IRQHandler                           0x08000563   Thumb Code     0  startup_stm32f10x_md.o(.text)
    RCC_IRQHandler                           0x08000563   Thumb Code     0  startup_stm32f10x_md.o(.text)
    RTCAlarm_IRQHandler                      0x08000563   Thumb Code     0  startup_stm32f10x_md.o(.text)
    SPI1_IRQHandler                          0x08000563   Thumb Code     0  startup_stm32f10x_md.o(.text)
    SPI2_IRQHandler                          0x08000563   Thumb Code     0  startup_stm32f10x_md.o(.text)
    TAMPER_IRQHandler                        0x08000563   Thumb Code     0  startup_stm32f10x_md.o(.text)
    TIM1_BRK_IRQHandler                      0x08000563   Thumb Code     0  startup_stm32f10x_md.o(.text)
    TIM1_CC_IRQHandler                       0x08000563   Thumb Code     0  startup_stm32f10x_md.o(.text)
    TIM1_TRG_COM_IRQHandler                  0x08000563   Thumb Code     0  startup_stm32f10x_md.o(.text)
    TIM1_UP_IRQHandler                       0x08000563   Thumb Code     0  startup_stm32f10x_md.o(.text)
    TIM2_IRQHandler                          0x08000563   Thumb Code     0  startup_stm32f10x_md.o(.text)
    TIM3_IRQHandler                          0x08000563   Thumb Code     0  startup_stm32f10x_md.o(.text)
    TIM4_IRQHandler                          0x08000563   Thumb Code     0  startup_stm32f10x_md.o(.text)
    USBWakeUp_IRQHandler                     0x08000563   Thumb Code     0  startup_stm32f10x_md.o(.text)
    USB_HP_CAN1_TX_IRQHandler                0x08000563   Thumb Code     0  startup_stm32f10x_md.o(.text)
    USB_LP_CAN1_RX0_IRQHandler               0x08000563   Thumb Code     0  startup_stm32f10x_md.o(.text)
    WWDG_IRQHandler                          0x08000563   Thumb Code     0  startup_stm32f10x_md.o(.text)
    __user_initial_stackheap                 0x08000565   Thumb Code     0  startup_stm32f10x_md.o(.text)
    NVIC_PriorityGroupConfig                 0x08000589   Thumb Code    10  misc.o(.text)
    NVIC_Init                                0x08000593   Thumb Code   100  misc.o(.text)
    NVIC_SetVectorTable                      0x080005f7   Thumb Code    14  misc.o(.text)
    NVIC_SystemLPConfig                      0x08000605   Thumb Code    34  misc.o(.text)
    SysTick_CLKSourceConfig                  0x08000627   Thumb Code    40  misc.o(.text)
    GPIO_DeInit                              0x08000665   Thumb Code   172  stm32f10x_gpio.o(.text)
    GPIO_AFIODeInit                          0x08000711   Thumb Code    20  stm32f10x_gpio.o(.text)
    GPIO_Init                                0x08000725   Thumb Code   278  stm32f10x_gpio.o(.text)
    GPIO_StructInit                          0x0800083b   Thumb Code    16  stm32f10x_gpio.o(.text)
    GPIO_ReadInputDataBit                    0x0800084b   Thumb Code    18  stm32f10x_gpio.o(.text)
    GPIO_ReadInputData                       0x0800085d   Thumb Code     8  stm32f10x_gpio.o(.text)
    GPIO_ReadOutputDataBit                   0x08000865   Thumb Code    18  stm32f10x_gpio.o(.text)
    GPIO_ReadOutputData                      0x08000877   Thumb Code     8  stm32f10x_gpio.o(.text)
    GPIO_SetBits                             0x0800087f   Thumb Code     4  stm32f10x_gpio.o(.text)
    GPIO_ResetBits                           0x08000883   Thumb Code     4  stm32f10x_gpio.o(.text)
    GPIO_WriteBit                            0x08000887   Thumb Code    10  stm32f10x_gpio.o(.text)
    GPIO_Write                               0x08000891   Thumb Code     4  stm32f10x_gpio.o(.text)
    GPIO_PinLockConfig                       0x08000895   Thumb Code    18  stm32f10x_gpio.o(.text)
    GPIO_EventOutputConfig                   0x080008a7   Thumb Code    26  stm32f10x_gpio.o(.text)
    GPIO_EventOutputCmd                      0x080008c1   Thumb Code     6  stm32f10x_gpio.o(.text)
    GPIO_PinRemapConfig                      0x080008c7   Thumb Code   138  stm32f10x_gpio.o(.text)
    GPIO_EXTILineConfig                      0x08000951   Thumb Code    66  stm32f10x_gpio.o(.text)
    GPIO_ETH_MediaInterfaceConfig            0x08000993   Thumb Code     8  stm32f10x_gpio.o(.text)
    RCC_DeInit                               0x080009c1   Thumb Code    64  stm32f10x_rcc.o(.text)
    RCC_HSEConfig                            0x08000a01   Thumb Code    70  stm32f10x_rcc.o(.text)
    RCC_GetFlagStatus                        0x08000a47   Thumb Code    56  stm32f10x_rcc.o(.text)
    RCC_WaitForHSEStartUp                    0x08000a7f   Thumb Code    56  stm32f10x_rcc.o(.text)
    RCC_AdjustHSICalibrationValue            0x08000ab7   Thumb Code    20  stm32f10x_rcc.o(.text)
    RCC_HSICmd                               0x08000acb   Thumb Code     6  stm32f10x_rcc.o(.text)
    RCC_PLLConfig                            0x08000ad1   Thumb Code    24  stm32f10x_rcc.o(.text)
    RCC_PLLCmd                               0x08000ae9   Thumb Code     6  stm32f10x_rcc.o(.text)
    RCC_SYSCLKConfig                         0x08000aef   Thumb Code    18  stm32f10x_rcc.o(.text)
    RCC_GetSYSCLKSource                      0x08000b01   Thumb Code    10  stm32f10x_rcc.o(.text)
    RCC_HCLKConfig                           0x08000b0b   Thumb Code    18  stm32f10x_rcc.o(.text)
    RCC_PCLK1Config                          0x08000b1d   Thumb Code    18  stm32f10x_rcc.o(.text)
    RCC_PCLK2Config                          0x08000b2f   Thumb Code    20  stm32f10x_rcc.o(.text)
    RCC_ITConfig                             0x08000b43   Thumb Code    26  stm32f10x_rcc.o(.text)
    RCC_USBCLKConfig                         0x08000b5d   Thumb Code     8  stm32f10x_rcc.o(.text)
    RCC_ADCCLKConfig                         0x08000b65   Thumb Code    18  stm32f10x_rcc.o(.text)
    RCC_LSEConfig                            0x08000b77   Thumb Code    50  stm32f10x_rcc.o(.text)
    RCC_LSICmd                               0x08000ba9   Thumb Code     6  stm32f10x_rcc.o(.text)
    RCC_RTCCLKConfig                         0x08000baf   Thumb Code    12  stm32f10x_rcc.o(.text)
    RCC_RTCCLKCmd                            0x08000bbb   Thumb Code     8  stm32f10x_rcc.o(.text)
    RCC_GetClocksFreq                        0x08000bc3   Thumb Code   192  stm32f10x_rcc.o(.text)
    RCC_AHBPeriphClockCmd                    0x08000c83   Thumb Code    26  stm32f10x_rcc.o(.text)
    RCC_APB2PeriphClockCmd                   0x08000c9d   Thumb Code    26  stm32f10x_rcc.o(.text)
    RCC_APB1PeriphClockCmd                   0x08000cb7   Thumb Code    26  stm32f10x_rcc.o(.text)
    RCC_APB2PeriphResetCmd                   0x08000cd1   Thumb Code    26  stm32f10x_rcc.o(.text)
    RCC_APB1PeriphResetCmd                   0x08000ceb   Thumb Code    26  stm32f10x_rcc.o(.text)
    RCC_BackupResetCmd                       0x08000d05   Thumb Code     8  stm32f10x_rcc.o(.text)
    RCC_ClockSecuritySystemCmd               0x08000d0d   Thumb Code     6  stm32f10x_rcc.o(.text)
    RCC_MCOConfig                            0x08000d13   Thumb Code     6  stm32f10x_rcc.o(.text)
    RCC_ClearFlag                            0x08000d19   Thumb Code    14  stm32f10x_rcc.o(.text)
    RCC_GetITStatus                          0x08000d27   Thumb Code    20  stm32f10x_rcc.o(.text)
    RCC_ClearITPendingBit                    0x08000d3b   Thumb Code     6  stm32f10x_rcc.o(.text)
    USART_DeInit                             0x08000d65   Thumb Code   134  stm32f10x_usart.o(.text)
    USART_Init                               0x08000deb   Thumb Code   210  stm32f10x_usart.o(.text)
    USART_StructInit                         0x08000ebd   Thumb Code    24  stm32f10x_usart.o(.text)
    USART_ClockInit                          0x08000ed5   Thumb Code    34  stm32f10x_usart.o(.text)
    USART_ClockStructInit                    0x08000ef7   Thumb Code    12  stm32f10x_usart.o(.text)
    USART_Cmd                                0x08000f03   Thumb Code    24  stm32f10x_usart.o(.text)
    USART_ITConfig                           0x08000f1b   Thumb Code    74  stm32f10x_usart.o(.text)
    USART_DMACmd                             0x08000f65   Thumb Code    18  stm32f10x_usart.o(.text)
    USART_SetAddress                         0x08000f77   Thumb Code    18  stm32f10x_usart.o(.text)
    USART_WakeUpConfig                       0x08000f89   Thumb Code    18  stm32f10x_usart.o(.text)
    USART_ReceiverWakeUpCmd                  0x08000f9b   Thumb Code    24  stm32f10x_usart.o(.text)
    USART_LINBreakDetectLengthConfig         0x08000fb3   Thumb Code    18  stm32f10x_usart.o(.text)
    USART_LINCmd                             0x08000fc5   Thumb Code    24  stm32f10x_usart.o(.text)
    USART_SendData                           0x08000fdd   Thumb Code     8  stm32f10x_usart.o(.text)
    USART_ReceiveData                        0x08000fe5   Thumb Code    10  stm32f10x_usart.o(.text)
    USART_SendBreak                          0x08000fef   Thumb Code    10  stm32f10x_usart.o(.text)
    USART_SetGuardTime                       0x08000ff9   Thumb Code    16  stm32f10x_usart.o(.text)
    USART_SetPrescaler                       0x08001009   Thumb Code    16  stm32f10x_usart.o(.text)
    USART_SmartCardCmd                       0x08001019   Thumb Code    24  stm32f10x_usart.o(.text)
    USART_SmartCardNACKCmd                   0x08001031   Thumb Code    24  stm32f10x_usart.o(.text)
    USART_HalfDuplexCmd                      0x08001049   Thumb Code    24  stm32f10x_usart.o(.text)
    USART_OverSampling8Cmd                   0x08001061   Thumb Code    22  stm32f10x_usart.o(.text)
    USART_OneBitMethodCmd                    0x08001077   Thumb Code    24  stm32f10x_usart.o(.text)
    USART_IrDAConfig                         0x0800108f   Thumb Code    18  stm32f10x_usart.o(.text)
    USART_IrDACmd                            0x080010a1   Thumb Code    24  stm32f10x_usart.o(.text)
    USART_GetFlagStatus                      0x080010b9   Thumb Code    26  stm32f10x_usart.o(.text)
    USART_ClearFlag                          0x080010d3   Thumb Code    18  stm32f10x_usart.o(.text)
    USART_GetITStatus                        0x080010e5   Thumb Code    84  stm32f10x_usart.o(.text)
    USART_ClearITPendingBit                  0x08001139   Thumb Code    52  stm32f10x_usart.o(.text)
    TIM_DeInit                               0x0800116d   Thumb Code   424  stm32f10x_tim.o(.text)
    TIM_TimeBaseInit                         0x08001315   Thumb Code   122  stm32f10x_tim.o(.text)
    TIM_OC1Init                              0x0800138f   Thumb Code   132  stm32f10x_tim.o(.text)
    TIM_OC2Init                              0x08001413   Thumb Code   154  stm32f10x_tim.o(.text)
    TIM_OC3Init                              0x080014ad   Thumb Code   150  stm32f10x_tim.o(.text)
    TIM_OC4Init                              0x08001543   Thumb Code   182  stm32f10x_tim.o(.text)
    TIM_SetIC4Prescaler                      0x080015f9   Thumb Code    26  stm32f10x_tim.o(.text)
    TIM_SetIC3Prescaler                      0x08001695   Thumb Code    18  stm32f10x_tim.o(.text)
    TIM_SetIC2Prescaler                      0x08001721   Thumb Code    26  stm32f10x_tim.o(.text)
    TIM_SetIC1Prescaler                      0x080017bd   Thumb Code    18  stm32f10x_tim.o(.text)
    TIM_ICInit                               0x0800183b   Thumb Code   150  stm32f10x_tim.o(.text)
    TIM_PWMIConfig                           0x080018d1   Thumb Code   124  stm32f10x_tim.o(.text)
    TIM_BDTRConfig                           0x0800194d   Thumb Code    32  stm32f10x_tim.o(.text)
    TIM_TimeBaseStructInit                   0x0800196d   Thumb Code    18  stm32f10x_tim.o(.text)
    TIM_OCStructInit                         0x0800197f   Thumb Code    20  stm32f10x_tim.o(.text)
    TIM_ICStructInit                         0x08001993   Thumb Code    18  stm32f10x_tim.o(.text)
    TIM_BDTRStructInit                       0x080019a5   Thumb Code    40  stm32f10x_tim.o(.text)
    TIM_Cmd                                  0x080019cd   Thumb Code    24  stm32f10x_tim.o(.text)
    TIM_CtrlPWMOutputs                       0x080019e5   Thumb Code    30  stm32f10x_tim.o(.text)
    TIM_ITConfig                             0x08001a03   Thumb Code    18  stm32f10x_tim.o(.text)
    TIM_GenerateEvent                        0x08001a15   Thumb Code     4  stm32f10x_tim.o(.text)
    TIM_DMAConfig                            0x08001a19   Thumb Code    10  stm32f10x_tim.o(.text)
    TIM_DMACmd                               0x08001a23   Thumb Code    18  stm32f10x_tim.o(.text)
    TIM_InternalClockConfig                  0x08001a35   Thumb Code    12  stm32f10x_tim.o(.text)
    TIM_SelectInputTrigger                   0x08001a41   Thumb Code    18  stm32f10x_tim.o(.text)
    TIM_ITRxExternalClockConfig              0x08001a53   Thumb Code    24  stm32f10x_tim.o(.text)
    TIM_TIxExternalClockConfig               0x08001a6b   Thumb Code    62  stm32f10x_tim.o(.text)
    TIM_ETRConfig                            0x08001aa9   Thumb Code    28  stm32f10x_tim.o(.text)
    TIM_ETRClockMode1Config                  0x08001ac5   Thumb Code    54  stm32f10x_tim.o(.text)
    TIM_ETRClockMode2Config                  0x08001afb   Thumb Code    32  stm32f10x_tim.o(.text)
    TIM_PrescalerConfig                      0x08001b1b   Thumb Code     6  stm32f10x_tim.o(.text)
    TIM_CounterModeConfig                    0x08001b21   Thumb Code    18  stm32f10x_tim.o(.text)
    TIM_EncoderInterfaceConfig               0x08001b33   Thumb Code    66  stm32f10x_tim.o(.text)
    TIM_ForcedOC1Config                      0x08001b75   Thumb Code    18  stm32f10x_tim.o(.text)
    TIM_ForcedOC2Config                      0x08001b87   Thumb Code    26  stm32f10x_tim.o(.text)
    TIM_ForcedOC3Config                      0x08001ba1   Thumb Code    18  stm32f10x_tim.o(.text)
    TIM_ForcedOC4Config                      0x08001bb3   Thumb Code    26  stm32f10x_tim.o(.text)
    TIM_ARRPreloadConfig                     0x08001bcd   Thumb Code    24  stm32f10x_tim.o(.text)
    TIM_SelectCOM                            0x08001be5   Thumb Code    24  stm32f10x_tim.o(.text)
    TIM_SelectCCDMA                          0x08001bfd   Thumb Code    24  stm32f10x_tim.o(.text)
    TIM_CCPreloadControl                     0x08001c15   Thumb Code    24  stm32f10x_tim.o(.text)
    TIM_OC1PreloadConfig                     0x08001c2d   Thumb Code    18  stm32f10x_tim.o(.text)
    TIM_OC2PreloadConfig                     0x08001c3f   Thumb Code    26  stm32f10x_tim.o(.text)
    TIM_OC3PreloadConfig                     0x08001c59   Thumb Code    18  stm32f10x_tim.o(.text)
    TIM_OC4PreloadConfig                     0x08001c6b   Thumb Code    26  stm32f10x_tim.o(.text)
    TIM_OC1FastConfig                        0x08001c85   Thumb Code    18  stm32f10x_tim.o(.text)
    TIM_OC2FastConfig                        0x08001c97   Thumb Code    26  stm32f10x_tim.o(.text)
    TIM_OC3FastConfig                        0x08001cb1   Thumb Code    18  stm32f10x_tim.o(.text)
    TIM_OC4FastConfig                        0x08001cc3   Thumb Code    26  stm32f10x_tim.o(.text)
    TIM_ClearOC1Ref                          0x08001cdd   Thumb Code    18  stm32f10x_tim.o(.text)
    TIM_ClearOC2Ref                          0x08001cef   Thumb Code    24  stm32f10x_tim.o(.text)
    TIM_ClearOC3Ref                          0x08001d07   Thumb Code    18  stm32f10x_tim.o(.text)
    TIM_ClearOC4Ref                          0x08001d19   Thumb Code    24  stm32f10x_tim.o(.text)
    TIM_OC1PolarityConfig                    0x08001d31   Thumb Code    18  stm32f10x_tim.o(.text)
    TIM_OC1NPolarityConfig                   0x08001d43   Thumb Code    18  stm32f10x_tim.o(.text)
    TIM_OC2PolarityConfig                    0x08001d55   Thumb Code    26  stm32f10x_tim.o(.text)
    TIM_OC2NPolarityConfig                   0x08001d6f   Thumb Code    26  stm32f10x_tim.o(.text)
    TIM_OC3PolarityConfig                    0x08001d89   Thumb Code    26  stm32f10x_tim.o(.text)
    TIM_OC3NPolarityConfig                   0x08001da3   Thumb Code    26  stm32f10x_tim.o(.text)
    TIM_OC4PolarityConfig                    0x08001dbd   Thumb Code    26  stm32f10x_tim.o(.text)
    TIM_CCxCmd                               0x08001dd7   Thumb Code    30  stm32f10x_tim.o(.text)
    TIM_CCxNCmd                              0x08001df5   Thumb Code    30  stm32f10x_tim.o(.text)
    TIM_SelectOCxM                           0x08001e13   Thumb Code    82  stm32f10x_tim.o(.text)
    TIM_UpdateDisableConfig                  0x08001e65   Thumb Code    24  stm32f10x_tim.o(.text)
    TIM_UpdateRequestConfig                  0x08001e7d   Thumb Code    24  stm32f10x_tim.o(.text)
    TIM_SelectHallSensor                     0x08001e95   Thumb Code    24  stm32f10x_tim.o(.text)
    TIM_SelectOnePulseMode                   0x08001ead   Thumb Code    18  stm32f10x_tim.o(.text)
    TIM_SelectOutputTrigger                  0x08001ebf   Thumb Code    18  stm32f10x_tim.o(.text)
    TIM_SelectSlaveMode                      0x08001ed1   Thumb Code    18  stm32f10x_tim.o(.text)
    TIM_SelectMasterSlaveMode                0x08001ee3   Thumb Code    18  stm32f10x_tim.o(.text)
    TIM_SetCounter                           0x08001ef5   Thumb Code     4  stm32f10x_tim.o(.text)
    TIM_SetAutoreload                        0x08001ef9   Thumb Code     4  stm32f10x_tim.o(.text)
    TIM_SetCompare1                          0x08001efd   Thumb Code     4  stm32f10x_tim.o(.text)
    TIM_SetCompare2                          0x08001f01   Thumb Code     4  stm32f10x_tim.o(.text)
    TIM_SetCompare3                          0x08001f05   Thumb Code     4  stm32f10x_tim.o(.text)
    TIM_SetCompare4                          0x08001f09   Thumb Code     6  stm32f10x_tim.o(.text)
    TIM_SetClockDivision                     0x08001f0f   Thumb Code    18  stm32f10x_tim.o(.text)
    TIM_GetCapture1                          0x08001f21   Thumb Code     6  stm32f10x_tim.o(.text)
    TIM_GetCapture2                          0x08001f27   Thumb Code     6  stm32f10x_tim.o(.text)
    TIM_GetCapture3                          0x08001f2d   Thumb Code     6  stm32f10x_tim.o(.text)
    TIM_GetCapture4                          0x08001f33   Thumb Code     8  stm32f10x_tim.o(.text)
    TIM_GetCounter                           0x08001f3b   Thumb Code     6  stm32f10x_tim.o(.text)
    TIM_GetPrescaler                         0x08001f41   Thumb Code     6  stm32f10x_tim.o(.text)
    TIM_GetFlagStatus                        0x08001f47   Thumb Code    18  stm32f10x_tim.o(.text)
    TIM_ClearFlag                            0x08001f59   Thumb Code     6  stm32f10x_tim.o(.text)
    TIM_GetITStatus                          0x08001f5f   Thumb Code    34  stm32f10x_tim.o(.text)
    TIM_ClearITPendingBit                    0x08001f81   Thumb Code     6  stm32f10x_tim.o(.text)
    ADC_DeInit                               0x08001f89   Thumb Code    78  stm32f10x_adc.o(.text)
    ADC_Init                                 0x08001fd7   Thumb Code    70  stm32f10x_adc.o(.text)
    ADC_StructInit                           0x0800201d   Thumb Code    18  stm32f10x_adc.o(.text)
    ADC_Cmd                                  0x0800202f   Thumb Code    22  stm32f10x_adc.o(.text)
    ADC_DMACmd                               0x08002045   Thumb Code    22  stm32f10x_adc.o(.text)
    ADC_ITConfig                             0x0800205b   Thumb Code    24  stm32f10x_adc.o(.text)
    ADC_ResetCalibration                     0x08002073   Thumb Code    10  stm32f10x_adc.o(.text)
    ADC_GetResetCalibrationStatus            0x0800207d   Thumb Code    20  stm32f10x_adc.o(.text)
    ADC_StartCalibration                     0x08002091   Thumb Code    10  stm32f10x_adc.o(.text)
    ADC_GetCalibrationStatus                 0x0800209b   Thumb Code    20  stm32f10x_adc.o(.text)
    ADC_SoftwareStartConvCmd                 0x080020af   Thumb Code    22  stm32f10x_adc.o(.text)
    ADC_GetSoftwareStartConvStatus           0x080020c5   Thumb Code    20  stm32f10x_adc.o(.text)
    ADC_DiscModeChannelCountConfig           0x080020d9   Thumb Code    24  stm32f10x_adc.o(.text)
    ADC_DiscModeCmd                          0x080020f1   Thumb Code    22  stm32f10x_adc.o(.text)
    ADC_RegularChannelConfig                 0x08002107   Thumb Code   184  stm32f10x_adc.o(.text)
    ADC_ExternalTrigConvCmd                  0x080021bf   Thumb Code    22  stm32f10x_adc.o(.text)
    ADC_GetConversionValue                   0x080021d5   Thumb Code     8  stm32f10x_adc.o(.text)
    ADC_GetDualModeConversionValue           0x080021dd   Thumb Code     8  stm32f10x_adc.o(.text)
    ADC_AutoInjectedConvCmd                  0x080021e5   Thumb Code    22  stm32f10x_adc.o(.text)
    ADC_InjectedDiscModeCmd                  0x080021fb   Thumb Code    22  stm32f10x_adc.o(.text)
    ADC_ExternalTrigInjectedConvConfig       0x08002211   Thumb Code    16  stm32f10x_adc.o(.text)
    ADC_ExternalTrigInjectedConvCmd          0x08002221   Thumb Code    22  stm32f10x_adc.o(.text)
    ADC_SoftwareStartInjectedConvCmd         0x08002237   Thumb Code    22  stm32f10x_adc.o(.text)
    ADC_GetSoftwareStartInjectedConvCmdStatus 0x0800224d   Thumb Code    20  stm32f10x_adc.o(.text)
    ADC_InjectedChannelConfig                0x08002261   Thumb Code   130  stm32f10x_adc.o(.text)
    ADC_InjectedSequencerLengthConfig        0x080022e3   Thumb Code    24  stm32f10x_adc.o(.text)
    ADC_SetInjectedOffset                    0x080022fb   Thumb Code    20  stm32f10x_adc.o(.text)
    ADC_GetInjectedConversionValue           0x0800230f   Thumb Code    28  stm32f10x_adc.o(.text)
    ADC_AnalogWatchdogCmd                    0x0800232b   Thumb Code    16  stm32f10x_adc.o(.text)
    ADC_AnalogWatchdogThresholdsConfig       0x0800233b   Thumb Code     6  stm32f10x_adc.o(.text)
    ADC_AnalogWatchdogSingleChannelConfig    0x08002341   Thumb Code    16  stm32f10x_adc.o(.text)
    ADC_TempSensorVrefintCmd                 0x08002351   Thumb Code    64  stm32f10x_adc.o(.text)
    ADC_GetFlagStatus                        0x08002391   Thumb Code    18  stm32f10x_adc.o(.text)
    ADC_ClearFlag                            0x080023a3   Thumb Code     6  stm32f10x_adc.o(.text)
    ADC_GetITStatus                          0x080023a9   Thumb Code    36  stm32f10x_adc.o(.text)
    ADC_ClearITPendingBit                    0x080023cd   Thumb Code    10  stm32f10x_adc.o(.text)
    Delay_Init                               0x080023d9   Thumb Code    48  delay.o(.text)
    DelayUs                                  0x08002409   Thumb Code    60  delay.o(.text)
    DelayXms                                 0x08002445   Thumb Code    66  delay.o(.text)
    DelayMs                                  0x08002487   Thumb Code    60  delay.o(.text)
    Led_test                                 0x080024cd   Thumb Code    40  led.o(.text)
    Led_Init                                 0x080024f5   Thumb Code    44  led.o(.text)
    Led2_Set                                 0x08002521   Thumb Code    38  led.o(.text)
    Led3_Set                                 0x08002547   Thumb Code    38  led.o(.text)
    Led4_Set                                 0x0800256d   Thumb Code    40  led.o(.text)
    Led5_Set                                 0x08002595   Thumb Code    40  led.o(.text)
    Light_Start                              0x080025bd   Thumb Code    46  led.o(.text)
    HCSR04_Init                              0x080025f5   Thumb Code   106  hsr04.o(.text)
    hsr04_get                                0x0800265f   Thumb Code   142  hsr04.o(.text)
    hsr04_get_2                              0x080026ed   Thumb Code   142  hsr04.o(.text)
    hsr04_get_3                              0x0800277b   Thumb Code   146  hsr04.o(.text)
    Gpio_Init                                0x08002825   Thumb Code    12  gpio.o(.text)
    DHT11_Rst                                0x08002831   Thumb Code    52  dht11.o(.text)
    DHT11_Check                              0x08002865   Thumb Code    96  dht11.o(.text)
    DHT11_Read_Bit                           0x080028c5   Thumb Code    76  dht11.o(.text)
    DHT11_Read_Byte                          0x08002911   Thumb Code    30  dht11.o(.text)
    DHT11_Read_Data                          0x0800292f   Thumb Code    88  dht11.o(.text)
    DHT11_Init                               0x08002987   Thumb Code    62  dht11.o(.text)
    Adc_Init                                 0x080029d1   Thumb Code   138  adc.o(.text)
    Get_Adc                                  0x08002a5b   Thumb Code    46  adc.o(.text)
    Get_Adc_Average                          0x08002a89   Thumb Code    46  adc.o(.text)
    I2C_GPIO_Config                          0x08002ac1   Thumb Code    56  mpu6050.o(.text)
    I2C_delay                                0x08002af9   Thumb Code    14  mpu6050.o(.text)
    I2C_Start                                0x08002b07   Thumb Code    86  mpu6050.o(.text)
    I2C_Stop                                 0x08002b5d   Thumb Code    52  mpu6050.o(.text)
    I2C_Ack                                  0x08002b91   Thumb Code    52  mpu6050.o(.text)
    I2C_NoAck                                0x08002bc5   Thumb Code    52  mpu6050.o(.text)
    I2C_WaitAck                              0x08002bf9   Thumb Code    82  mpu6050.o(.text)
    I2C_SendByte                             0x08002c4b   Thumb Code    84  mpu6050.o(.text)
    I2C_RadeByte                             0x08002c9f   Thumb Code    82  mpu6050.o(.text)
    delay5ms                                 0x08002cf1   Thumb Code    14  mpu6050.o(.text)
    Single_Write                             0x08002cff   Thumb Code    70  mpu6050.o(.text)
    Single_Read                              0x08002d45   Thumb Code    86  mpu6050.o(.text)
    Init_MPU6050                             0x08002d9b   Thumb Code    64  mpu6050.o(.text)
    READ_MPU6050                             0x08002ddb   Thumb Code   612  mpu6050.o(.text)
    Usart1_Init                              0x08003065   Thumb Code   166  usart.o(.text)
    Usart2_Init                              0x0800310b   Thumb Code   162  usart.o(.text)
    Usart3_Init                              0x080031ad   Thumb Code   164  usart.o(.text)
    Usart_SendString                         0x08003251   Thumb Code    50  usart.o(.text)
    UsartPrintf                              0x08003283   Thumb Code    72  usart.o(.text)
    USART3_IRQHandler                        0x080032cb   Thumb Code    74  usart.o(.text)
    USART2_IRQHandler                        0x08003315   Thumb Code    48  usart.o(.text)
    USART1_IRQHandler                        0x08003345   Thumb Code    24  usart.o(.text)
    UsartSend                                0x0800335d   Thumb Code    34  usart.o(.text)
    Hardware_Init                            0x080033a5   Thumb Code    82  main.o(.text)
    main                                     0x080033f7   Thumb Code   266  main.o(.text)
    SIM7020C_OneNetGET                       0x080035e1   Thumb Code   474  onenet_http.o(.text)
    OneNet_FillBuf                           0x080037bb   Thumb Code  1184  onenet_http.o(.text)
    OneNet_SendData                          0x08003c5b   Thumb Code    40  onenet_http.o(.text)
    OneNet_RevPro                            0x08003c83   Thumb Code    58  onenet_http.o(.text)
    SIM_PwrKeyInit                           0x08003d29   Thumb Code     2  sim7020.o(.text)
    SIM_PwrStaInit                           0x08003d2b   Thumb Code     2  sim7020.o(.text)
    SIM_RstKeyInit                           0x08003d2d   Thumb Code     2  sim7020.o(.text)
    SIM_PowerON                              0x08003d2f   Thumb Code     2  sim7020.o(.text)
    SIM7020_ATTest_Cmd                       0x08003d31   Thumb Code    88  sim7020.o(.text)
    SIM7020_Send_Cmd                         0x08003d89   Thumb Code    94  sim7020.o(.text)
    SIM7020_CPIN_Cmd                         0x08003de7   Thumb Code    90  sim7020.o(.text)
    SIM7020_CGREG_Cmd                        0x08003e41   Thumb Code    90  sim7020.o(.text)
    SIM7020_CGACT_Cmd                        0x08003e9b   Thumb Code    90  sim7020.o(.text)
    SIM7020_StrNum_to_HexNum                 0x08003ef5   Thumb Code   144  sim7020.o(.text)
    SIM7020_CSQ_Cmd                          0x08003f85   Thumb Code   140  sim7020.o(.text)
    SIM7020_CGCONTRDP_Cmd                    0x08004011   Thumb Code   156  sim7020.o(.text)
    SIM7020_IPR_Cmd                          0x080040ad   Thumb Code    92  sim7020.o(.text)
    SIM7020_PSM_OFF                          0x08004109   Thumb Code   352  sim7020.o(.text)
    SIM7020_eDRX_OFF                         0x08004269   Thumb Code    96  sim7020.o(.text)
    SIM7020_OneNET_CONN                      0x080042c9   Thumb Code    92  sim7020.o(.text)
    SIM7020_Init                             0x08004325   Thumb Code  1430  sim7020.o(.text)
    SIM7020_Hex_to_Str                       0x080048bb   Thumb Code    52  sim7020.o(.text)
    SIM7020_Str_to_Hex                       0x080048ef   Thumb Code   440  sim7020.o(.text)
    Sim7020_Clear                            0x08004aa7   Thumb Code    20  sim7020.o(.text)
    Sim7020_SendData                         0x08004abb   Thumb Code    66  sim7020.o(.text)
    Sim7020_WaitRecive                       0x08004afd   Thumb Code    42  sim7020.o(.text)
    Sim7020_SendCmd                          0x08004b27   Thumb Code    76  sim7020.o(.text)
    Sim7020_GetIPD                           0x08004b73   Thumb Code    68  sim7020.o(.text)
    __c89vsnprintf                           0x08004c65   Thumb Code    48  c89vsnprintf.o(.text)
    __2sprintf                               0x08004c99   Thumb Code    38  __2sprintf.o(.text)
    _printf_pre_padding                      0x08004cc5   Thumb Code    44  _printf_pad.o(.text)
    _printf_post_padding                     0x08004cf1   Thumb Code    34  _printf_pad.o(.text)
    _printf_str                              0x08004d13   Thumb Code    82  _printf_str.o(.text)
    _printf_int_dec                          0x08004d65   Thumb Code   104  _printf_dec.o(.text)
    _printf_longlong_hex                     0x08004ddd   Thumb Code    86  _printf_hex_int_ll_ptr.o(.text)
    _printf_int_hex                          0x08004e33   Thumb Code    28  _printf_hex_int_ll_ptr.o(.text)
    _printf_ll_hex                           0x08004e4f   Thumb Code    12  _printf_hex_int_ll_ptr.o(.text)
    _printf_hex_ptr                          0x08004e5b   Thumb Code    18  _printf_hex_int_ll_ptr.o(.text)
    __printf                                 0x08004e71   Thumb Code   388  __printf_flags_ss_wp.o(.text)
    __0sscanf                                0x08004ff9   Thumb Code    52  __0sscanf.o(.text)
    _scanf_string                            0x08005035   Thumb Code   224  _scanf_str.o(.text)
    strchr                                   0x08005115   Thumb Code    20  strchr.o(.text)
    strstr                                   0x08005129   Thumb Code    36  strstr.o(.text)
    strlen                                   0x0800514d   Thumb Code    62  strlen.o(.text)
    strcat                                   0x0800518b   Thumb Code    24  strcat.o(.text)
    __aeabi_memclr                           0x080051a3   Thumb Code     0  rt_memclr.o(.text)
    __rt_memclr                              0x080051a3   Thumb Code    68  rt_memclr.o(.text)
    _memset                                  0x080051a7   Thumb Code     0  rt_memclr.o(.text)
    __aeabi_memclr4                          0x080051e7   Thumb Code     0  rt_memclr_w.o(.text)
    __aeabi_memclr8                          0x080051e7   Thumb Code     0  rt_memclr_w.o(.text)
    __rt_memclr_w                            0x080051e7   Thumb Code    78  rt_memclr_w.o(.text)
    _memset_w                                0x080051eb   Thumb Code     0  rt_memclr_w.o(.text)
    __use_two_region_memory                  0x08005235   Thumb Code     2  heapauxi.o(.text)
    __rt_heap_escrow$2region                 0x08005237   Thumb Code     2  heapauxi.o(.text)
    __rt_heap_expand$2region                 0x08005239   Thumb Code     2  heapauxi.o(.text)
    _printf_truncate_signed                  0x0800523b   Thumb Code    18  _printf_truncate.o(.text)
    _printf_truncate_unsigned                0x0800524d   Thumb Code    18  _printf_truncate.o(.text)
    _printf_int_common                       0x0800525f   Thumb Code   178  _printf_intcommon.o(.text)
    _printf_charcount                        0x08005311   Thumb Code    40  _printf_charcount.o(.text)
    _printf_char_common                      0x08005343   Thumb Code    32  _printf_char_common.o(.text)
    _sputc                                   0x08005369   Thumb Code    10  _sputc.o(.text)
    _snputc                                  0x08005373   Thumb Code    16  _snputc.o(.text)
    _printf_cs_common                        0x08005383   Thumb Code    20  _printf_char.o(.text)
    _printf_char                             0x08005397   Thumb Code    16  _printf_char.o(.text)
    _printf_string                           0x080053a7   Thumb Code     8  _printf_char.o(.text)
    _printf_wctomb                           0x080053b1   Thumb Code   182  _printf_wctomb.o(.text)
    _printf_longlong_dec                     0x0800546d   Thumb Code   108  _printf_longlong_dec.o(.text)
    _printf_longlong_oct                     0x080054e9   Thumb Code    66  _printf_oct_int_ll.o(.text)
    _printf_int_oct                          0x0800552b   Thumb Code    24  _printf_oct_int_ll.o(.text)
    _printf_ll_oct                           0x08005543   Thumb Code    12  _printf_oct_int_ll.o(.text)
    __vfscanf_char                           0x08005565   Thumb Code    24  scanf_char.o(.text)
    _sgetc                                   0x08005585   Thumb Code    30  _sgetc.o(.text)
    _sbackspace                              0x080055a3   Thumb Code    34  _sgetc.o(.text)
    _ll_udiv10                               0x080055c5   Thumb Code   138  lludiv10.o(.text)
    isspace                                  0x0800564f   Thumb Code    18  isspace.o(.text)
    __lib_sel_fp_printf                      0x08005661   Thumb Code     2  _printf_fp_dec.o(.text)
    _printf_fp_dec_real                      0x08005813   Thumb Code   620  _printf_fp_dec.o(.text)
    _printf_lcs_common                       0x08005a7f   Thumb Code    20  _printf_wchar.o(.text)
    _printf_wchar                            0x08005a93   Thumb Code    16  _printf_wchar.o(.text)
    _printf_wstring                          0x08005aa3   Thumb Code     8  _printf_wchar.o(.text)
    __vfscanf                                0x08005aad   Thumb Code   878  _scanf.o(.text)
    _wcrtomb                                 0x08005e21   Thumb Code    64  _wcrtomb.o(.text)
    __user_setup_stackheap                   0x08005e61   Thumb Code    74  sys_stackheap_outer.o(.text)
    __rt_ctype_table                         0x08005ead   Thumb Code    16  rt_ctype_table.o(.text)
    __rt_locale                              0x08005ebd   Thumb Code     8  rt_locale_intlibspace.o(.text)
    _printf_fp_infnan                        0x08005ec5   Thumb Code   112  _printf_fp_infnan.o(.text)
    _btod_etento                             0x08005f45   Thumb Code   224  bigflt0.o(.text)
    exit                                     0x08006029   Thumb Code    18  exit.o(.text)
    __user_libspace                          0x0800603d   Thumb Code     8  libspace.o(.text)
    __user_perproc_libspace                  0x0800603d   Thumb Code     0  libspace.o(.text)
    __user_perthread_libspace                0x0800603d   Thumb Code     0  libspace.o(.text)
    strcmp                                   0x08006045   Thumb Code   128  strcmpv7m.o(.text)
    _sys_exit                                0x080060c5   Thumb Code     8  sys_exit.o(.text)
    __I$use$semihosting                      0x080060d1   Thumb Code     0  use_no_semi.o(.text)
    __use_no_semihosting_swi                 0x080060d1   Thumb Code     2  use_no_semi.o(.text)
    __semihosting_library_function           0x080060d3   Thumb Code     0  indicate_semi.o(.text)
    _btod_d2e                                0x080060d3   Thumb Code    62  btod.o(CL$$btod_d2e)
    _d2e_denorm_low                          0x08006111   Thumb Code    70  btod.o(CL$$btod_d2e_denorm_low)
    _d2e_norm_op1                            0x08006157   Thumb Code    96  btod.o(CL$$btod_d2e_norm_op1)
    __btod_div_common                        0x080061b7   Thumb Code   696  btod.o(CL$$btod_div_common)
    _e2e                                     0x080064ef   Thumb Code   220  btod.o(CL$$btod_e2e)
    _btod_ediv                               0x080065cb   Thumb Code    42  btod.o(CL$$btod_ediv)
    _btod_emul                               0x080065f5   Thumb Code    42  btod.o(CL$$btod_emul)
    __btod_mult_common                       0x0800661f   Thumb Code   580  btod.o(CL$$btod_mult_common)
    __ARM_fpclassify                         0x08006863   Thumb Code    40  fpclassify.o(i.__ARM_fpclassify)
    _is_digit                                0x0800688b   Thumb Code    14  __printf_wp.o(i._is_digit)
    _get_lc_numeric                          0x08006899   Thumb Code    44  lc_numeric_c.o(locale$$code)
    _get_lc_ctype                            0x080068c5   Thumb Code    44  lc_ctype_c.o(locale$$code)
    __aeabi_dadd                             0x080068f1   Thumb Code     0  daddsub_clz.o(x$fpl$dadd)
    _dadd                                    0x080068f1   Thumb Code   332  daddsub_clz.o(x$fpl$dadd)
    __aeabi_ddiv                             0x08006a41   Thumb Code     0  ddiv.o(x$fpl$ddiv)
    _ddiv                                    0x08006a41   Thumb Code   552  ddiv.o(x$fpl$ddiv)
    __aeabi_d2iz                             0x08006cf1   Thumb Code     0  dfix.o(x$fpl$dfix)
    _dfix                                    0x08006cf1   Thumb Code    94  dfix.o(x$fpl$dfix)
    __aeabi_i2d                              0x08006d4f   Thumb Code     0  dflt_clz.o(x$fpl$dflt)
    _dflt                                    0x08006d4f   Thumb Code    46  dflt_clz.o(x$fpl$dflt)
    __aeabi_dmul                             0x08006d7d   Thumb Code     0  dmul.o(x$fpl$dmul)
    _dmul                                    0x08006d7d   Thumb Code   332  dmul.o(x$fpl$dmul)
    __fpl_dnaninf                            0x08006ed1   Thumb Code   156  dnaninf.o(x$fpl$dnaninf)
    __fpl_dretinf                            0x08006f6d   Thumb Code    12  dretinf.o(x$fpl$dretinf)
    __aeabi_dsub                             0x08006f79   Thumb Code     0  daddsub_clz.o(x$fpl$dsub)
    _dsub                                    0x08006f79   Thumb Code   464  daddsub_clz.o(x$fpl$dsub)
    __aeabi_fdiv                             0x0800714d   Thumb Code     0  fdiv.o(x$fpl$fdiv)
    _fdiv                                    0x0800714d   Thumb Code   384  fdiv.o(x$fpl$fdiv)
    __aeabi_f2iz                             0x080072d1   Thumb Code     0  ffix.o(x$fpl$ffix)
    _ffix                                    0x080072d1   Thumb Code    54  ffix.o(x$fpl$ffix)
    __aeabi_f2uiz                            0x08007309   Thumb Code     0  ffixu.o(x$fpl$ffixu)
    _ffixu                                   0x08007309   Thumb Code    62  ffixu.o(x$fpl$ffixu)
    __aeabi_ui2f                             0x08007349   Thumb Code     0  fflt_clz.o(x$fpl$ffltu)
    _ffltu                                   0x08007349   Thumb Code    38  fflt_clz.o(x$fpl$ffltu)
    __aeabi_fmul                             0x08007371   Thumb Code     0  fmul.o(x$fpl$fmul)
    _fmul                                    0x08007371   Thumb Code   258  fmul.o(x$fpl$fmul)
    __fpl_fnaninf                            0x08007473   Thumb Code   140  fnaninf.o(x$fpl$fnaninf)
    __fpl_fretinf                            0x080074ff   Thumb Code    10  fretinf.o(x$fpl$fretinf)
    _printf_fp_dec                           0x08007509   Thumb Code     4  printf1.o(x$fpl$printf1)
    __I$use$fp                               0x0800750c   Number         0  usenofp.o(x$fpl$usenofp)
    Region$$Table$$Base                      0x0800764c   Number         0  anon$$obj.o(Region$$Table)
    Region$$Table$$Limit                     0x0800766c   Number         0  anon$$obj.o(Region$$Table)
    __ctype                                  0x08007695   Data           0  lc_ctype_c.o(locale$$data)
    SystemCoreClock                          0x20000000   Data           4  system_stm32f10x.o(.data)
    AHBPrescTable                            0x20000004   Data          16  system_stm32f10x.o(.data)
    UsCount                                  0x20000028   Data           1  delay.o(.data)
    MsCount                                  0x2000002a   Data           2  delay.o(.data)
    led_status                               0x2000002c   Data           5  led.o(.data)
    G_X                                      0x20000032   Data           2  mpu6050.o(.data)
    G_Y                                      0x20000034   Data           2  mpu6050.o(.data)
    G_Z                                      0x20000036   Data           2  mpu6050.o(.data)
    T_T                                      0x20000038   Data           2  mpu6050.o(.data)
    test                                     0x2000003a   Data           1  mpu6050.o(.data)
    SIM7020_RxCounter                        0x2000003c   Data           4  usart.o(.data)
    water                                    0x20000040   Data           4  main.o(.data)
    temper                                   0x20000044   Data           4  main.o(.data)
    humid                                    0x20000048   Data           4  main.o(.data)
    smoke                                    0x2000004c   Data           1  main.o(.data)
    cover                                    0x2000004d   Data           1  main.o(.data)
    A_X                                      0x2000004e   Data           2  main.o(.data)
    A_Y                                      0x20000050   Data           2  main.o(.data)
    A_Z                                      0x20000052   Data           2  main.o(.data)
    Usart3Len                                0x20000054   Data           1  main.o(.data)
    Sta_flag                                 0x20000055   Data           1  main.o(.data)
    res                                      0x20000056   Data           1  main.o(.data)
    ptr                                      0x20000058   Data           4  onenet_http.o(.data)
    sim7020_cntPre                           0x2000005c   Data           2  sim7020.o(.data)
    SIM7020_RX_BUF                           0x20000060   Data         512  usart.o(.bss)
    buf_temp                                 0x20000260   Data         128  main.o(.bss)
    Usart3Buf                                0x200002e0   Data         512  main.o(.bss)
    RXbuff                                   0x200004e0   Data        1024  onenet_http.o(.bss)
    keytemp                                  0x200009e0   Data         256  onenet_http.o(.bss)
    __libspace_start                         0x20000ae0   Data          96  libspace.o(.bss)
    __temporary_stack_top$libspace           0x20000b40   Data           0  libspace.o(.bss)



==============================================================================

Memory Map of the image

  Image Entry point : 0x080000ed

  Load Region LR_IROM1 (Base: 0x08000000, Size: 0x000077f8, Max: 0x00010000, ABSOLUTE)

    Execution Region ER_IROM1 (Exec base: 0x08000000, Load base: 0x08000000, Size: 0x00007798, Max: 0x00010000, ABSOLUTE)

    Exec Addr    Load Addr    Size         Type   Attr      Idx    E Section Name        Object

    0x08000000   0x08000000   0x000000ec   Data   RO          140    RESET               startup_stm32f10x_md.o
    0x080000ec   0x080000ec   0x00000008   Code   RO          593  * !!!main             c_w.l(__main.o)
    0x080000f4   0x080000f4   0x00000034   Code   RO          912    !!!scatter          c_w.l(__scatter.o)
    0x08000128   0x08000128   0x0000001a   Code   RO          914    !!handler_copy      c_w.l(__scatter_copy.o)
    0x08000142   0x08000142   0x00000002   PAD
    0x08000144   0x08000144   0x0000001c   Code   RO          916    !!handler_zi        c_w.l(__scatter_zi.o)
    0x08000160   0x08000160   0x00000000   Code   RO          574    .ARM.Collect$$_printf_percent$$00000000  c_w.l(_printf_percent.o)
    0x08000160   0x08000160   0x00000006   Code   RO          664    .ARM.Collect$$_printf_percent$$00000001  c_w.l(_printf_n.o)
    0x08000166   0x08000166   0x00000006   Code   RO          665    .ARM.Collect$$_printf_percent$$00000002  c_w.l(_printf_p.o)
    0x0800016c   0x0800016c   0x00000006   Code   RO          669    .ARM.Collect$$_printf_percent$$00000003  c_w.l(_printf_f.o)
    0x08000172   0x08000172   0x00000006   Code   RO          670    .ARM.Collect$$_printf_percent$$00000004  c_w.l(_printf_e.o)
    0x08000178   0x08000178   0x00000006   Code   RO          671    .ARM.Collect$$_printf_percent$$00000005  c_w.l(_printf_g.o)
    0x0800017e   0x0800017e   0x00000006   Code   RO          672    .ARM.Collect$$_printf_percent$$00000006  c_w.l(_printf_a.o)
    0x08000184   0x08000184   0x0000000a   Code   RO          677    .ARM.Collect$$_printf_percent$$00000007  c_w.l(_printf_ll.o)
    0x0800018e   0x0800018e   0x00000006   Code   RO          667    .ARM.Collect$$_printf_percent$$00000008  c_w.l(_printf_i.o)
    0x08000194   0x08000194   0x00000006   Code   RO          573    .ARM.Collect$$_printf_percent$$00000009  c_w.l(_printf_d.o)
    0x0800019a   0x0800019a   0x00000006   Code   RO          668    .ARM.Collect$$_printf_percent$$0000000A  c_w.l(_printf_u.o)
    0x080001a0   0x080001a0   0x00000006   Code   RO          666    .ARM.Collect$$_printf_percent$$0000000B  c_w.l(_printf_o.o)
    0x080001a6   0x080001a6   0x00000006   Code   RO          572    .ARM.Collect$$_printf_percent$$0000000C  c_w.l(_printf_x.o)
    0x080001ac   0x080001ac   0x00000006   Code   RO          674    .ARM.Collect$$_printf_percent$$0000000D  c_w.l(_printf_lli.o)
    0x080001b2   0x080001b2   0x00000006   Code   RO          675    .ARM.Collect$$_printf_percent$$0000000E  c_w.l(_printf_lld.o)
    0x080001b8   0x080001b8   0x00000006   Code   RO          676    .ARM.Collect$$_printf_percent$$0000000F  c_w.l(_printf_llu.o)
    0x080001be   0x080001be   0x00000006   Code   RO          681    .ARM.Collect$$_printf_percent$$00000010  c_w.l(_printf_llo.o)
    0x080001c4   0x080001c4   0x00000006   Code   RO          682    .ARM.Collect$$_printf_percent$$00000011  c_w.l(_printf_llx.o)
    0x080001ca   0x080001ca   0x0000000a   Code   RO          678    .ARM.Collect$$_printf_percent$$00000012  c_w.l(_printf_l.o)
    0x080001d4   0x080001d4   0x00000006   Code   RO          663    .ARM.Collect$$_printf_percent$$00000013  c_w.l(_printf_c.o)
    0x080001da   0x080001da   0x00000006   Code   RO          571    .ARM.Collect$$_printf_percent$$00000014  c_w.l(_printf_s.o)
    0x080001e0   0x080001e0   0x00000006   Code   RO          679    .ARM.Collect$$_printf_percent$$00000015  c_w.l(_printf_lc.o)
    0x080001e6   0x080001e6   0x00000006   Code   RO          680    .ARM.Collect$$_printf_percent$$00000016  c_w.l(_printf_ls.o)
    0x080001ec   0x080001ec   0x00000004   Code   RO          673    .ARM.Collect$$_printf_percent$$00000017  c_w.l(_printf_percent_end.o)
    0x080001f0   0x080001f0   0x00000002   Code   RO          773    .ARM.Collect$$libinit$$00000000  c_w.l(libinit.o)
    0x080001f2   0x080001f2   0x00000000   Code   RO          789    .ARM.Collect$$libinit$$00000002  c_w.l(libinit2.o)
    0x080001f2   0x080001f2   0x00000000   Code   RO          791    .ARM.Collect$$libinit$$00000004  c_w.l(libinit2.o)
    0x080001f2   0x080001f2   0x00000000   Code   RO          794    .ARM.Collect$$libinit$$0000000A  c_w.l(libinit2.o)
    0x080001f2   0x080001f2   0x00000000   Code   RO          796    .ARM.Collect$$libinit$$0000000C  c_w.l(libinit2.o)
    0x080001f2   0x080001f2   0x00000000   Code   RO          798    .ARM.Collect$$libinit$$0000000E  c_w.l(libinit2.o)
    0x080001f2   0x080001f2   0x00000006   Code   RO          799    .ARM.Collect$$libinit$$0000000F  c_w.l(libinit2.o)
    0x080001f8   0x080001f8   0x00000000   Code   RO          801    .ARM.Collect$$libinit$$00000011  c_w.l(libinit2.o)
    0x080001f8   0x080001f8   0x0000000c   Code   RO          802    .ARM.Collect$$libinit$$00000012  c_w.l(libinit2.o)
    0x08000204   0x08000204   0x00000000   Code   RO          803    .ARM.Collect$$libinit$$00000013  c_w.l(libinit2.o)
    0x08000204   0x08000204   0x00000000   Code   RO          805    .ARM.Collect$$libinit$$00000015  c_w.l(libinit2.o)
    0x08000204   0x08000204   0x0000000a   Code   RO          806    .ARM.Collect$$libinit$$00000016  c_w.l(libinit2.o)
    0x0800020e   0x0800020e   0x00000000   Code   RO          807    .ARM.Collect$$libinit$$00000017  c_w.l(libinit2.o)
    0x0800020e   0x0800020e   0x00000000   Code   RO          809    .ARM.Collect$$libinit$$00000019  c_w.l(libinit2.o)
    0x0800020e   0x0800020e   0x00000000   Code   RO          811    .ARM.Collect$$libinit$$0000001B  c_w.l(libinit2.o)
    0x0800020e   0x0800020e   0x00000000   Code   RO          813    .ARM.Collect$$libinit$$0000001D  c_w.l(libinit2.o)
    0x0800020e   0x0800020e   0x00000000   Code   RO          815    .ARM.Collect$$libinit$$0000001F  c_w.l(libinit2.o)
    0x0800020e   0x0800020e   0x00000000   Code   RO          817    .ARM.Collect$$libinit$$00000021  c_w.l(libinit2.o)
    0x0800020e   0x0800020e   0x00000000   Code   RO          819    .ARM.Collect$$libinit$$00000023  c_w.l(libinit2.o)
    0x0800020e   0x0800020e   0x00000000   Code   RO          821    .ARM.Collect$$libinit$$00000025  c_w.l(libinit2.o)
    0x0800020e   0x0800020e   0x00000000   Code   RO          825    .ARM.Collect$$libinit$$0000002C  c_w.l(libinit2.o)
    0x0800020e   0x0800020e   0x00000000   Code   RO          827    .ARM.Collect$$libinit$$0000002E  c_w.l(libinit2.o)
    0x0800020e   0x0800020e   0x00000000   Code   RO          829    .ARM.Collect$$libinit$$00000030  c_w.l(libinit2.o)
    0x0800020e   0x0800020e   0x00000000   Code   RO          831    .ARM.Collect$$libinit$$00000032  c_w.l(libinit2.o)
    0x0800020e   0x0800020e   0x00000002   Code   RO          832    .ARM.Collect$$libinit$$00000033  c_w.l(libinit2.o)
    0x08000210   0x08000210   0x00000002   Code   RO          852    .ARM.Collect$$libshutdown$$00000000  c_w.l(libshutdown.o)
    0x08000212   0x08000212   0x00000000   Code   RO          865    .ARM.Collect$$libshutdown$$00000002  c_w.l(libshutdown2.o)
    0x08000212   0x08000212   0x00000000   Code   RO          867    .ARM.Collect$$libshutdown$$00000004  c_w.l(libshutdown2.o)
    0x08000212   0x08000212   0x00000000   Code   RO          870    .ARM.Collect$$libshutdown$$00000007  c_w.l(libshutdown2.o)
    0x08000212   0x08000212   0x00000000   Code   RO          873    .ARM.Collect$$libshutdown$$0000000A  c_w.l(libshutdown2.o)
    0x08000212   0x08000212   0x00000000   Code   RO          875    .ARM.Collect$$libshutdown$$0000000C  c_w.l(libshutdown2.o)
    0x08000212   0x08000212   0x00000000   Code   RO          878    .ARM.Collect$$libshutdown$$0000000F  c_w.l(libshutdown2.o)
    0x08000212   0x08000212   0x00000002   Code   RO          879    .ARM.Collect$$libshutdown$$00000010  c_w.l(libshutdown2.o)
    0x08000214   0x08000214   0x00000000   Code   RO          637    .ARM.Collect$$rtentry$$00000000  c_w.l(__rtentry.o)
    0x08000214   0x08000214   0x00000000   Code   RO          699    .ARM.Collect$$rtentry$$00000002  c_w.l(__rtentry2.o)
    0x08000214   0x08000214   0x00000006   Code   RO          711    .ARM.Collect$$rtentry$$00000004  c_w.l(__rtentry4.o)
    0x0800021a   0x0800021a   0x00000000   Code   RO          701    .ARM.Collect$$rtentry$$00000009  c_w.l(__rtentry2.o)
    0x0800021a   0x0800021a   0x00000004   Code   RO          702    .ARM.Collect$$rtentry$$0000000A  c_w.l(__rtentry2.o)
    0x0800021e   0x0800021e   0x00000000   Code   RO          704    .ARM.Collect$$rtentry$$0000000C  c_w.l(__rtentry2.o)
    0x0800021e   0x0800021e   0x00000008   Code   RO          705    .ARM.Collect$$rtentry$$0000000D  c_w.l(__rtentry2.o)
    0x08000226   0x08000226   0x00000002   Code   RO          781    .ARM.Collect$$rtexit$$00000000  c_w.l(rtexit.o)
    0x08000228   0x08000228   0x00000000   Code   RO          834    .ARM.Collect$$rtexit$$00000002  c_w.l(rtexit2.o)
    0x08000228   0x08000228   0x00000004   Code   RO          835    .ARM.Collect$$rtexit$$00000003  c_w.l(rtexit2.o)
    0x0800022c   0x0800022c   0x00000006   Code   RO          836    .ARM.Collect$$rtexit$$00000004  c_w.l(rtexit2.o)
    0x08000232   0x08000232   0x00000002   PAD
    0x08000234   0x08000234   0x00000134   Code   RO           17    .text               stm32f10x_it.o
    0x08000368   0x08000368   0x000001e0   Code   RO          120    .text               system_stm32f10x.o
    0x08000548   0x08000548   0x00000040   Code   RO          141    .text               startup_stm32f10x_md.o
    0x08000588   0x08000588   0x000000dc   Code   RO          145    .text               misc.o
    0x08000664   0x08000664   0x0000035c   Code   RO          183    .text               stm32f10x_gpio.o
    0x080009c0   0x080009c0   0x000003a4   Code   RO          195    .text               stm32f10x_rcc.o
    0x08000d64   0x08000d64   0x00000408   Code   RO          209    .text               stm32f10x_usart.o
    0x0800116c   0x0800116c   0x00000e1a   Code   RO          221    .text               stm32f10x_tim.o
    0x08001f86   0x08001f86   0x00000002   PAD
    0x08001f88   0x08001f88   0x0000044e   Code   RO          245    .text               stm32f10x_adc.o
    0x080023d6   0x080023d6   0x00000002   PAD
    0x080023d8   0x080023d8   0x000000f4   Code   RO          257    .text               delay.o
    0x080024cc   0x080024cc   0x00000128   Code   RO          275    .text               led.o
    0x080025f4   0x080025f4   0x00000230   Code   RO          327    .text               hsr04.o
    0x08002824   0x08002824   0x0000000c   Code   RO          349    .text               gpio.o
    0x08002830   0x08002830   0x000001a0   Code   RO          364    .text               dht11.o
    0x080029d0   0x080029d0   0x000000f0   Code   RO          379    .text               adc.o
    0x08002ac0   0x08002ac0   0x000005a4   Code   RO          394    .text               mpu6050.o
    0x08003064   0x08003064   0x00000340   Code   RO          413    .text               usart.o
    0x080033a4   0x080033a4   0x0000023c   Code   RO          436    .text               main.o
    0x080035e0   0x080035e0   0x00000748   Code   RO          467    .text               onenet_http.o
    0x08003d28   0x08003d28   0x00000f3c   Code   RO          498    .text               sim7020.o
    0x08004c64   0x08004c64   0x00000034   Code   RO          516    .text               c_w.l(c89vsnprintf.o)
    0x08004c98   0x08004c98   0x0000002c   Code   RO          518    .text               c_w.l(__2sprintf.o)
    0x08004cc4   0x08004cc4   0x0000004e   Code   RO          524    .text               c_w.l(_printf_pad.o)
    0x08004d12   0x08004d12   0x00000052   Code   RO          526    .text               c_w.l(_printf_str.o)
    0x08004d64   0x08004d64   0x00000078   Code   RO          528    .text               c_w.l(_printf_dec.o)
    0x08004ddc   0x08004ddc   0x00000094   Code   RO          548    .text               c_w.l(_printf_hex_int_ll_ptr.o)
    0x08004e70   0x08004e70   0x00000188   Code   RO          568    .text               c_w.l(__printf_flags_ss_wp.o)
    0x08004ff8   0x08004ff8   0x0000003c   Code   RO          575    .text               c_w.l(__0sscanf.o)
    0x08005034   0x08005034   0x000000e0   Code   RO          577    .text               c_w.l(_scanf_str.o)
    0x08005114   0x08005114   0x00000014   Code   RO          579    .text               c_w.l(strchr.o)
    0x08005128   0x08005128   0x00000024   Code   RO          581    .text               c_w.l(strstr.o)
    0x0800514c   0x0800514c   0x0000003e   Code   RO          583    .text               c_w.l(strlen.o)
    0x0800518a   0x0800518a   0x00000018   Code   RO          585    .text               c_w.l(strcat.o)
    0x080051a2   0x080051a2   0x00000044   Code   RO          587    .text               c_w.l(rt_memclr.o)
    0x080051e6   0x080051e6   0x0000004e   Code   RO          589    .text               c_w.l(rt_memclr_w.o)
    0x08005234   0x08005234   0x00000006   Code   RO          591    .text               c_w.l(heapauxi.o)
    0x0800523a   0x0800523a   0x00000024   Code   RO          638    .text               c_w.l(_printf_truncate.o)
    0x0800525e   0x0800525e   0x000000b2   Code   RO          640    .text               c_w.l(_printf_intcommon.o)
    0x08005310   0x08005310   0x00000028   Code   RO          642    .text               c_w.l(_printf_charcount.o)
    0x08005338   0x08005338   0x00000030   Code   RO          644    .text               c_w.l(_printf_char_common.o)
    0x08005368   0x08005368   0x0000000a   Code   RO          646    .text               c_w.l(_sputc.o)
    0x08005372   0x08005372   0x00000010   Code   RO          648    .text               c_w.l(_snputc.o)
    0x08005382   0x08005382   0x0000002c   Code   RO          650    .text               c_w.l(_printf_char.o)
    0x080053ae   0x080053ae   0x00000002   PAD
    0x080053b0   0x080053b0   0x000000bc   Code   RO          652    .text               c_w.l(_printf_wctomb.o)
    0x0800546c   0x0800546c   0x0000007c   Code   RO          655    .text               c_w.l(_printf_longlong_dec.o)
    0x080054e8   0x080054e8   0x00000070   Code   RO          661    .text               c_w.l(_printf_oct_int_ll.o)
    0x08005558   0x08005558   0x0000002c   Code   RO          683    .text               c_w.l(scanf_char.o)
    0x08005584   0x08005584   0x00000040   Code   RO          685    .text               c_w.l(_sgetc.o)
    0x080055c4   0x080055c4   0x0000008a   Code   RO          713    .text               c_w.l(lludiv10.o)
    0x0800564e   0x0800564e   0x00000012   Code   RO          715    .text               c_w.l(isspace.o)
    0x08005660   0x08005660   0x0000041e   Code   RO          717    .text               c_w.l(_printf_fp_dec.o)
    0x08005a7e   0x08005a7e   0x0000002c   Code   RO          721    .text               c_w.l(_printf_wchar.o)
    0x08005aaa   0x08005aaa   0x00000002   PAD
    0x08005aac   0x08005aac   0x00000374   Code   RO          723    .text               c_w.l(_scanf.o)
    0x08005e20   0x08005e20   0x00000040   Code   RO          725    .text               c_w.l(_wcrtomb.o)
    0x08005e60   0x08005e60   0x0000004a   Code   RO          727    .text               c_w.l(sys_stackheap_outer.o)
    0x08005eaa   0x08005eaa   0x00000002   PAD
    0x08005eac   0x08005eac   0x00000010   Code   RO          729    .text               c_w.l(rt_ctype_table.o)
    0x08005ebc   0x08005ebc   0x00000008   Code   RO          734    .text               c_w.l(rt_locale_intlibspace.o)
    0x08005ec4   0x08005ec4   0x00000080   Code   RO          736    .text               c_w.l(_printf_fp_infnan.o)
    0x08005f44   0x08005f44   0x000000e4   Code   RO          738    .text               c_w.l(bigflt0.o)
    0x08006028   0x08006028   0x00000012   Code   RO          766    .text               c_w.l(exit.o)
    0x0800603a   0x0800603a   0x00000002   PAD
    0x0800603c   0x0800603c   0x00000008   Code   RO          778    .text               c_w.l(libspace.o)
    0x08006044   0x08006044   0x00000080   Code   RO          786    .text               c_w.l(strcmpv7m.o)
    0x080060c4   0x080060c4   0x0000000c   Code   RO          844    .text               c_w.l(sys_exit.o)
    0x080060d0   0x080060d0   0x00000002   Code   RO          855    .text               c_w.l(use_no_semi.o)
    0x080060d2   0x080060d2   0x00000000   Code   RO          857    .text               c_w.l(indicate_semi.o)
    0x080060d2   0x080060d2   0x0000003e   Code   RO          741    CL$$btod_d2e        c_w.l(btod.o)
    0x08006110   0x08006110   0x00000046   Code   RO          743    CL$$btod_d2e_denorm_low  c_w.l(btod.o)
    0x08006156   0x08006156   0x00000060   Code   RO          742    CL$$btod_d2e_norm_op1  c_w.l(btod.o)
    0x080061b6   0x080061b6   0x00000338   Code   RO          751    CL$$btod_div_common  c_w.l(btod.o)
    0x080064ee   0x080064ee   0x000000dc   Code   RO          748    CL$$btod_e2e        c_w.l(btod.o)
    0x080065ca   0x080065ca   0x0000002a   Code   RO          745    CL$$btod_ediv       c_w.l(btod.o)
    0x080065f4   0x080065f4   0x0000002a   Code   RO          744    CL$$btod_emul       c_w.l(btod.o)
    0x0800661e   0x0800661e   0x00000244   Code   RO          750    CL$$btod_mult_common  c_w.l(btod.o)
    0x08006862   0x08006862   0x00000028   Code   RO          776    i.__ARM_fpclassify  m_ws.l(fpclassify.o)
    0x0800688a   0x0800688a   0x0000000e   Code   RO          561    i._is_digit         c_w.l(__printf_wp.o)
    0x08006898   0x08006898   0x0000002c   Code   RO          764    locale$$code        c_w.l(lc_numeric_c.o)
    0x080068c4   0x080068c4   0x0000002c   Code   RO          784    locale$$code        c_w.l(lc_ctype_c.o)
    0x080068f0   0x080068f0   0x00000150   Code   RO          595    x$fpl$dadd          fz_ws.l(daddsub_clz.o)
    0x08006a40   0x08006a40   0x000002b0   Code   RO          602    x$fpl$ddiv          fz_ws.l(ddiv.o)
    0x08006cf0   0x08006cf0   0x0000005e   Code   RO          605    x$fpl$dfix          fz_ws.l(dfix.o)
    0x08006d4e   0x08006d4e   0x0000002e   Code   RO          610    x$fpl$dflt          fz_ws.l(dflt_clz.o)
    0x08006d7c   0x08006d7c   0x00000154   Code   RO          615    x$fpl$dmul          fz_ws.l(dmul.o)
    0x08006ed0   0x08006ed0   0x0000009c   Code   RO          687    x$fpl$dnaninf       fz_ws.l(dnaninf.o)
    0x08006f6c   0x08006f6c   0x0000000c   Code   RO          689    x$fpl$dretinf       fz_ws.l(dretinf.o)
    0x08006f78   0x08006f78   0x000001d4   Code   RO          597    x$fpl$dsub          fz_ws.l(daddsub_clz.o)
    0x0800714c   0x0800714c   0x00000184   Code   RO          618    x$fpl$fdiv          fz_ws.l(fdiv.o)
    0x080072d0   0x080072d0   0x00000036   Code   RO          621    x$fpl$ffix          fz_ws.l(ffix.o)
    0x08007306   0x08007306   0x00000002   PAD
    0x08007308   0x08007308   0x0000003e   Code   RO          625    x$fpl$ffixu         fz_ws.l(ffixu.o)
    0x08007346   0x08007346   0x00000002   PAD
    0x08007348   0x08007348   0x00000026   Code   RO          629    x$fpl$ffltu         fz_ws.l(fflt_clz.o)
    0x0800736e   0x0800736e   0x00000002   PAD
    0x08007370   0x08007370   0x00000102   Code   RO          635    x$fpl$fmul          fz_ws.l(fmul.o)
    0x08007472   0x08007472   0x0000008c   Code   RO          691    x$fpl$fnaninf       fz_ws.l(fnaninf.o)
    0x080074fe   0x080074fe   0x0000000a   Code   RO          693    x$fpl$fretinf       fz_ws.l(fretinf.o)
    0x08007508   0x08007508   0x00000004   Code   RO          695    x$fpl$printf1       fz_ws.l(printf1.o)
    0x0800750c   0x0800750c   0x00000000   Code   RO          697    x$fpl$usenofp       fz_ws.l(usenofp.o)
    0x0800750c   0x0800750c   0x00000028   Data   RO          549    .constdata          c_w.l(_printf_hex_int_ll_ptr.o)
    0x08007534   0x08007534   0x00000011   Data   RO          569    .constdata          c_w.l(__printf_flags_ss_wp.o)
    0x08007545   0x08007545   0x00000003   PAD
    0x08007548   0x08007548   0x00000008   Data   RO          653    .constdata          c_w.l(_printf_wctomb.o)
    0x08007550   0x08007550   0x00000094   Data   RO          739    .constdata          c_w.l(bigflt0.o)
    0x080075e4   0x080075e4   0x00000066   Data   RO          469    .conststring        onenet_http.o
    0x0800764a   0x0800764a   0x00000002   PAD
    0x0800764c   0x0800764c   0x00000020   Data   RO          910    Region$$Table       anon$$obj.o
    0x0800766c   0x0800766c   0x0000001c   Data   RO          763    locale$$data        c_w.l(lc_numeric_c.o)
    0x08007688   0x08007688   0x00000110   Data   RO          783    locale$$data        c_w.l(lc_ctype_c.o)


    Execution Region RW_IRAM1 (Exec base: 0x20000000, Load base: 0x08007798, Size: 0x00001140, Max: 0x00005000, ABSOLUTE)

    Exec Addr    Load Addr    Size         Type   Attr      Idx    E Section Name        Object

    0x20000000   0x08007798   0x00000014   Data   RW          121    .data               system_stm32f10x.o
    0x20000014   0x080077ac   0x00000014   Data   RW          196    .data               stm32f10x_rcc.o
    0x20000028   0x080077c0   0x00000004   Data   RW          258    .data               delay.o
    0x2000002c   0x080077c4   0x00000005   Data   RW          276    .data               led.o
    0x20000031   0x080077c9   0x00000001   PAD
    0x20000032   0x080077ca   0x00000009   Data   RW          395    .data               mpu6050.o
    0x2000003b   0x080077d3   0x00000001   PAD
    0x2000003c   0x080077d4   0x00000004   Data   RW          415    .data               usart.o
    0x20000040   0x080077d8   0x00000017   Data   RW          438    .data               main.o
    0x20000057   0x080077ef   0x00000001   PAD
    0x20000058   0x080077f0   0x00000004   Data   RW          470    .data               onenet_http.o
    0x2000005c   0x080077f4   0x00000002   Data   RW          499    .data               sim7020.o
    0x2000005e   0x080077f6   0x00000002   PAD
    0x20000060        -       0x00000200   Zero   RW          414    .bss                usart.o
    0x20000260        -       0x00000280   Zero   RW          437    .bss                main.o
    0x200004e0        -       0x00000600   Zero   RW          468    .bss                onenet_http.o
    0x20000ae0        -       0x00000060   Zero   RW          779    .bss                c_w.l(libspace.o)
    0x20000b40        -       0x00000200   Zero   RW          139    HEAP                startup_stm32f10x_md.o
    0x20000d40        -       0x00000400   Zero   RW          138    STACK               startup_stm32f10x_md.o


==============================================================================

Image component sizes


      Code (inc. data)   RO Data    RW Data    ZI Data      Debug   Object Name

       240         10          0          0          0       1063   adc.o
         0          0          0          0          0       4532   core_cm3.o
       244         10          0          4          0       1396   delay.o
       416         12          0          0          0       1778   dht11.o
        12          0          0          0          0        420   gpio.o
       560         24          0          0          0       1440   hsr04.o
       296         10          0          5          0       2041   led.o
       572        224          0         23        640       2025   main.o
       220         22          0          0          0     213961   misc.o
      1444         72          0          9          0       3626   mpu6050.o
      1864       1076        102          4       1536       2665   onenet_http.o
      3900       1430          0          2          0       7529   sim7020.o
        64         26        236          0       1536        784   startup_stm32f10x_md.o
      1102         26          0          0          0      10905   stm32f10x_adc.o
       860         38          0          0          0       5601   stm32f10x_gpio.o
       308        248          0          0          0      44635   stm32f10x_it.o
       932         36          0         20          0       8732   stm32f10x_rcc.o
      3610         88          0          0          0      22708   stm32f10x_tim.o
      1032         22          0          0          0       8328   stm32f10x_usart.o
       480         38          0         20          0       1659   system_stm32f10x.o
       832         38          0          4        512       4022   usart.o

    ----------------------------------------------------------------------
     18992       3450        372         96       4224     349850   Object Totals
         0          0         32          0          0          0   (incl. Generated)
         4          0          2          5          0          0   (incl. Padding)

    ----------------------------------------------------------------------

      Code (inc. data)   RO Data    RW Data    ZI Data      Debug   Library Member Name

        60          8          0          0          0         84   __0sscanf.o
        44          6          0          0          0         84   __2sprintf.o
         8          0          0          0          0         68   __main.o
       392          4         17          0          0         92   __printf_flags_ss_wp.o
        14          0          0          0          0         68   __printf_wp.o
         0          0          0          0          0          0   __rtentry.o
        12          0          0          0          0          0   __rtentry2.o
         6          0          0          0          0          0   __rtentry4.o
        52          8          0          0          0          0   __scatter.o
        26          0          0          0          0          0   __scatter_copy.o
        28          0          0          0          0          0   __scatter_zi.o
         6          0          0          0          0          0   _printf_a.o
         6          0          0          0          0          0   _printf_c.o
        44          0          0          0          0        108   _printf_char.o
        48          6          0          0          0         96   _printf_char_common.o
        40          0          0          0          0         68   _printf_charcount.o
         6          0          0          0          0          0   _printf_d.o
       120         16          0          0          0         92   _printf_dec.o
         6          0          0          0          0          0   _printf_e.o
         6          0          0          0          0          0   _printf_f.o
      1054          0          0          0          0        216   _printf_fp_dec.o
       128         16          0          0          0         84   _printf_fp_infnan.o
         6          0          0          0          0          0   _printf_g.o
       148          4         40          0          0        160   _printf_hex_int_ll_ptr.o
         6          0          0          0          0          0   _printf_i.o
       178          0          0          0          0         88   _printf_intcommon.o
        10          0          0          0          0          0   _printf_l.o
         6          0          0          0          0          0   _printf_lc.o
        10          0          0          0          0          0   _printf_ll.o
         6          0          0          0          0          0   _printf_lld.o
         6          0          0          0          0          0   _printf_lli.o
         6          0          0          0          0          0   _printf_llo.o
         6          0          0          0          0          0   _printf_llu.o
         6          0          0          0          0          0   _printf_llx.o
       124         16          0          0          0         92   _printf_longlong_dec.o
         6          0          0          0          0          0   _printf_ls.o
         6          0          0          0          0          0   _printf_n.o
         6          0          0          0          0          0   _printf_o.o
       112         10          0          0          0        124   _printf_oct_int_ll.o
         6          0          0          0          0          0   _printf_p.o
        78          0          0          0          0        108   _printf_pad.o
         0          0          0          0          0          0   _printf_percent.o
         4          0          0          0          0          0   _printf_percent_end.o
         6          0          0          0          0          0   _printf_s.o
        82          0          0          0          0         80   _printf_str.o
        36          0          0          0          0         84   _printf_truncate.o
         6          0          0          0          0          0   _printf_u.o
        44          0          0          0          0        108   _printf_wchar.o
       188          6          8          0          0         92   _printf_wctomb.o
         6          0          0          0          0          0   _printf_x.o
       884          6          0          0          0        100   _scanf.o
       224          0          0          0          0         96   _scanf_str.o
        64          0          0          0          0         84   _sgetc.o
        16          0          0          0          0         68   _snputc.o
        10          0          0          0          0         68   _sputc.o
        64          0          0          0          0         92   _wcrtomb.o
       228          4        148          0          0         96   bigflt0.o
      1936        128          0          0          0        672   btod.o
        52          4          0          0          0         80   c89vsnprintf.o
        18          0          0          0          0         80   exit.o
         6          0          0          0          0        152   heapauxi.o
         0          0          0          0          0          0   indicate_semi.o
        18          0          0          0          0         76   isspace.o
        44         10        272          0          0         76   lc_ctype_c.o
        44         10         28          0          0         76   lc_numeric_c.o
         2          0          0          0          0          0   libinit.o
        30          0          0          0          0          0   libinit2.o
         2          0          0          0          0          0   libshutdown.o
         2          0          0          0          0          0   libshutdown2.o
         8          4          0          0         96         68   libspace.o
       138          0          0          0          0         80   lludiv10.o
        16          4          0          0          0         76   rt_ctype_table.o
         8          4          0          0          0         68   rt_locale_intlibspace.o
        68          0          0          0          0         68   rt_memclr.o
        78          0          0          0          0         80   rt_memclr_w.o
         2          0          0          0          0          0   rtexit.o
        10          0          0          0          0          0   rtexit2.o
        44          8          0          0          0         84   scanf_char.o
        24          0          0          0          0         68   strcat.o
        20          0          0          0          0         68   strchr.o
       128          0          0          0          0         68   strcmpv7m.o
        62          0          0          0          0         76   strlen.o
        36          0          0          0          0         80   strstr.o
        12          4          0          0          0         68   sys_exit.o
        74          0          0          0          0         80   sys_stackheap_outer.o
         2          0          0          0          0         68   use_no_semi.o
       804         16          0          0          0        272   daddsub_clz.o
       688        140          0          0          0        208   ddiv.o
        94          4          0          0          0         92   dfix.o
        46          0          0          0          0         68   dflt_clz.o
       340         12          0          0          0        104   dmul.o
       156          4          0          0          0         92   dnaninf.o
        12          0          0          0          0         68   dretinf.o
       388         76          0          0          0         96   fdiv.o
        54          4          0          0          0         84   ffix.o
        62          4          0          0          0         84   ffixu.o
        38          0          0          0          0         68   fflt_clz.o
       258          4          0          0          0         84   fmul.o
       140          4          0          0          0         84   fnaninf.o
        10          0          0          0          0         68   fretinf.o
         4          0          0          0          0         68   printf1.o
         0          0          0          0          0          0   usenofp.o
        40          0          0          0          0         68   fpclassify.o

    ----------------------------------------------------------------------
     10736        554        516          0         96       6520   Library Totals
        18          0          3          0          0          0   (incl. Padding)

    ----------------------------------------------------------------------

      Code (inc. data)   RO Data    RW Data    ZI Data      Debug   Library Name

      7584        286        513          0         96       4912   c_w.l
      3094        268          0          0          0       1540   fz_ws.l
        40          0          0          0          0         68   m_ws.l

    ----------------------------------------------------------------------
     10736        554        516          0         96       6520   Library Totals

    ----------------------------------------------------------------------

==============================================================================


      Code (inc. data)   RO Data    RW Data    ZI Data      Debug   

     29728       4004        888         96       4320     351062   Grand Totals
     29728       4004        888         96       4320     351062   ELF Image Totals
     29728       4004        888         96          0          0   ROM Totals

==============================================================================

    Total RO  Size (Code + RO Data)                30616 (  29.90kB)
    Total RW  Size (RW Data + ZI Data)              4416 (   4.31kB)
    Total ROM Size (Code + RO Data + RW Data)      30712 (  29.99kB)

==============================================================================

